Archive member included to satisfy reference by file (symbol)

c:/st/stm32cubeide_1.0.1/stm32cubeide/plugins/com.st.stm32cube.ide.mcu.externaltools.gnu-tools-for-stm32.7-2018-q2-update.win32_1.0.0.201904181610/tools/bin/../lib/gcc/arm-none-eabi/7.3.1/../../../../arm-none-eabi/lib/thumb/v6-m\libc_nano.a(lib_a-errno.o)
                              Src/syscalls.o (__errno)
c:/st/stm32cubeide_1.0.1/stm32cubeide/plugins/com.st.stm32cube.ide.mcu.externaltools.gnu-tools-for-stm32.7-2018-q2-update.win32_1.0.0.201904181610/tools/bin/../lib/gcc/arm-none-eabi/7.3.1/../../../../arm-none-eabi/lib/thumb/v6-m\libc_nano.a(lib_a-exit.o)
                              c:/st/stm32cubeide_1.0.1/stm32cubeide/plugins/com.st.stm32cube.ide.mcu.externaltools.gnu-tools-for-stm32.7-2018-q2-update.win32_1.0.0.201904181610/tools/bin/../lib/gcc/arm-none-eabi/7.3.1/../../../../arm-none-eabi/lib/thumb/v6-m/crt0.o (exit)
c:/st/stm32cubeide_1.0.1/stm32cubeide/plugins/com.st.stm32cube.ide.mcu.externaltools.gnu-tools-for-stm32.7-2018-q2-update.win32_1.0.0.201904181610/tools/bin/../lib/gcc/arm-none-eabi/7.3.1/../../../../arm-none-eabi/lib/thumb/v6-m\libc_nano.a(lib_a-impure.o)
                              c:/st/stm32cubeide_1.0.1/stm32cubeide/plugins/com.st.stm32cube.ide.mcu.externaltools.gnu-tools-for-stm32.7-2018-q2-update.win32_1.0.0.201904181610/tools/bin/../lib/gcc/arm-none-eabi/7.3.1/../../../../arm-none-eabi/lib/thumb/v6-m\libc_nano.a(lib_a-exit.o) (_global_impure_ptr)
c:/st/stm32cubeide_1.0.1/stm32cubeide/plugins/com.st.stm32cube.ide.mcu.externaltools.gnu-tools-for-stm32.7-2018-q2-update.win32_1.0.0.201904181610/tools/bin/../lib/gcc/arm-none-eabi/7.3.1/../../../../arm-none-eabi/lib/thumb/v6-m\libc_nano.a(lib_a-init.o)
                              c:/st/stm32cubeide_1.0.1/stm32cubeide/plugins/com.st.stm32cube.ide.mcu.externaltools.gnu-tools-for-stm32.7-2018-q2-update.win32_1.0.0.201904181610/tools/bin/../lib/gcc/arm-none-eabi/7.3.1/../../../../arm-none-eabi/lib/thumb/v6-m/crt0.o (__libc_init_array)
c:/st/stm32cubeide_1.0.1/stm32cubeide/plugins/com.st.stm32cube.ide.mcu.externaltools.gnu-tools-for-stm32.7-2018-q2-update.win32_1.0.0.201904181610/tools/bin/../lib/gcc/arm-none-eabi/7.3.1/../../../../arm-none-eabi/lib/thumb/v6-m\libc_nano.a(lib_a-memcpy-stub.o)
                              Src/i2c_comm.o (memcpy)
c:/st/stm32cubeide_1.0.1/stm32cubeide/plugins/com.st.stm32cube.ide.mcu.externaltools.gnu-tools-for-stm32.7-2018-q2-update.win32_1.0.0.201904181610/tools/bin/../lib/gcc/arm-none-eabi/7.3.1/../../../../arm-none-eabi/lib/thumb/v6-m\libc_nano.a(lib_a-memset.o)
                              c:/st/stm32cubeide_1.0.1/stm32cubeide/plugins/com.st.stm32cube.ide.mcu.externaltools.gnu-tools-for-stm32.7-2018-q2-update.win32_1.0.0.201904181610/tools/bin/../lib/gcc/arm-none-eabi/7.3.1/../../../../arm-none-eabi/lib/thumb/v6-m/crt0.o (memset)
c:/st/stm32cubeide_1.0.1/stm32cubeide/plugins/com.st.stm32cube.ide.mcu.externaltools.gnu-tools-for-stm32.7-2018-q2-update.win32_1.0.0.201904181610/tools/bin/../lib/gcc/arm-none-eabi/7.3.1/thumb/v6-m\libgcc.a(_udivsi3.o)
                              Drivers/STM32F0xx_HAL_Driver/Src/stm32f0xx_hal.o (__aeabi_uidiv)
c:/st/stm32cubeide_1.0.1/stm32cubeide/plugins/com.st.stm32cube.ide.mcu.externaltools.gnu-tools-for-stm32.7-2018-q2-update.win32_1.0.0.201904181610/tools/bin/../lib/gcc/arm-none-eabi/7.3.1/thumb/v6-m\libgcc.a(_dvmd_tls.o)
                              c:/st/stm32cubeide_1.0.1/stm32cubeide/plugins/com.st.stm32cube.ide.mcu.externaltools.gnu-tools-for-stm32.7-2018-q2-update.win32_1.0.0.201904181610/tools/bin/../lib/gcc/arm-none-eabi/7.3.1/thumb/v6-m\libgcc.a(_udivsi3.o) (__aeabi_idiv0)

Allocating common symbols
Common symbol       size              file

hUsbDeviceFS        0x224             Src/usb_device.o
timer14_counter     0x4               Src/main.o
hi2c1               0x4c              Src/main.o
timer7_counter      0x4               Src/main.o
uwTick              0x4               Drivers/STM32F0xx_HAL_Driver/Src/stm32f0xx_hal.o
pFlash              0x20              Drivers/STM32F0xx_HAL_Driver/Src/stm32f0xx_hal_flash.o
UserRxBufferFS      0x3e8             Src/usbd_cdc_if.o
UserTxBufferFS      0x3e8             Src/usbd_cdc_if.o
transmit_inputs     0x1               Src/main.o
htim6               0x40              Src/main.o
timer6_counter      0x4               Src/main.o
data_available      0x1               Src/main.o
inputs_read         0x2               Src/main.o
is_USB_Connected    0x1               Src/main.o
huart2              0x70              Src/main.o
htim14              0x40              Src/main.o
hpcd_USB_FS         0x220             Src/usbd_conf.o
USBD_StrDesc        0x200             Src/usbd_desc.o
htim7               0x40              Src/main.o
data_buffer         0x4               Src/main.o

Discarded input sections

[...]
Memory Configuration

Name             Origin             Length             Attributes
RAM              0x0000000020000000 0x0000000000004000 xrw
FLASH            0x0000000008000000 0x0000000000020000 xr
*default*        0x0000000000000000 0xffffffffffffffff

Linker script and memory map

LOAD c:/st/stm32cubeide_1.0.1/stm32cubeide/plugins/com.st.stm32cube.ide.mcu.externaltools.gnu-tools-for-stm32.7-2018-q2-update.win32_1.0.0.201904181610/tools/bin/../lib/gcc/arm-none-eabi/7.3.1/thumb/v6-m/crti.o
LOAD c:/st/stm32cubeide_1.0.1/stm32cubeide/plugins/com.st.stm32cube.ide.mcu.externaltools.gnu-tools-for-stm32.7-2018-q2-update.win32_1.0.0.201904181610/tools/bin/../lib/gcc/arm-none-eabi/7.3.1/thumb/v6-m/crtbegin.o
LOAD c:/st/stm32cubeide_1.0.1/stm32cubeide/plugins/com.st.stm32cube.ide.mcu.externaltools.gnu-tools-for-stm32.7-2018-q2-update.win32_1.0.0.201904181610/tools/bin/../lib/gcc/arm-none-eabi/7.3.1/../../../../arm-none-eabi/lib/thumb/v6-m/crt0.o
LOAD Drivers/STM32F0xx_HAL_Driver/Src/stm32f0xx_hal.o
LOAD Drivers/STM32F0xx_HAL_Driver/Src/stm32f0xx_hal_cortex.o
LOAD Drivers/STM32F0xx_HAL_Driver/Src/stm32f0xx_hal_dma.o
LOAD Drivers/STM32F0xx_HAL_Driver/Src/stm32f0xx_hal_flash.o
LOAD Drivers/STM32F0xx_HAL_Driver/Src/stm32f0xx_hal_flash_ex.o
LOAD Drivers/STM32F0xx_HAL_Driver/Src/stm32f0xx_hal_gpio.o
LOAD Drivers/STM32F0xx_HAL_Driver/Src/stm32f0xx_hal_i2c.o
LOAD Drivers/STM32F0xx_HAL_Driver/Src/stm32f0xx_hal_i2c_ex.o
LOAD Drivers/STM32F0xx_HAL_Driver/Src/stm32f0xx_hal_pcd.o
LOAD Drivers/STM32F0xx_HAL_Driver/Src/stm32f0xx_hal_pcd_ex.o
LOAD Drivers/STM32F0xx_HAL_Driver/Src/stm32f0xx_hal_pwr.o
LOAD Drivers/STM32F0xx_HAL_Driver/Src/stm32f0xx_hal_pwr_ex.o
LOAD Drivers/STM32F0xx_HAL_Driver/Src/stm32f0xx_hal_rcc.o
LOAD Drivers/STM32F0xx_HAL_Driver/Src/stm32f0xx_hal_rcc_ex.o
LOAD Drivers/STM32F0xx_HAL_Driver/Src/stm32f0xx_hal_tim.o
LOAD Drivers/STM32F0xx_HAL_Driver/Src/stm32f0xx_hal_tim_ex.o
LOAD Drivers/STM32F0xx_HAL_Driver/Src/stm32f0xx_hal_uart.o
LOAD Drivers/STM32F0xx_HAL_Driver/Src/stm32f0xx_hal_uart_ex.o
LOAD Middlewares/ST/STM32_USB_Device_Library/Class/CDC/Src/usbd_cdc.o
LOAD Middlewares/ST/STM32_USB_Device_Library/Core/Src/usbd_core.o
LOAD Middlewares/ST/STM32_USB_Device_Library/Core/Src/usbd_ctlreq.o
LOAD Middlewares/ST/STM32_USB_Device_Library/Core/Src/usbd_ioreq.o
LOAD Src/i2c_comm.o
LOAD Src/main.o
LOAD Src/stm32f0xx_hal_msp.o
LOAD Src/stm32f0xx_it.o
LOAD Src/syscalls.o
LOAD Src/sysmem.o
LOAD Src/system_stm32f0xx.o
LOAD Src/usb_device.o
LOAD Src/usbd_cdc_if.o
LOAD Src/usbd_conf.o
LOAD Src/usbd_desc.o
LOAD Startup/startup_stm32f072rbtx.o
START GROUP
LOAD c:/st/stm32cubeide_1.0.1/stm32cubeide/plugins/com.st.stm32cube.ide.mcu.externaltools.gnu-tools-for-stm32.7-2018-q2-update.win32_1.0.0.201904181610/tools/bin/../lib/gcc/arm-none-eabi/7.3.1/../../../../arm-none-eabi/lib/thumb/v6-m\libc_nano.a
LOAD c:/st/stm32cubeide_1.0.1/stm32cubeide/plugins/com.st.stm32cube.ide.mcu.externaltools.gnu-tools-for-stm32.7-2018-q2-update.win32_1.0.0.201904181610/tools/bin/../lib/gcc/arm-none-eabi/7.3.1/../../../../arm-none-eabi/lib/thumb/v6-m\libm.a
END GROUP
START GROUP
LOAD c:/st/stm32cubeide_1.0.1/stm32cubeide/plugins/com.st.stm32cube.ide.mcu.externaltools.gnu-tools-for-stm32.7-2018-q2-update.win32_1.0.0.201904181610/tools/bin/../lib/gcc/arm-none-eabi/7.3.1/thumb/v6-m\libgcc.a
LOAD c:/st/stm32cubeide_1.0.1/stm32cubeide/plugins/com.st.stm32cube.ide.mcu.externaltools.gnu-tools-for-stm32.7-2018-q2-update.win32_1.0.0.201904181610/tools/bin/../lib/gcc/arm-none-eabi/7.3.1/../../../../arm-none-eabi/lib/thumb/v6-m\libc_nano.a
END GROUP
START GROUP
LOAD c:/st/stm32cubeide_1.0.1/stm32cubeide/plugins/com.st.stm32cube.ide.mcu.externaltools.gnu-tools-for-stm32.7-2018-q2-update.win32_1.0.0.201904181610/tools/bin/../lib/gcc/arm-none-eabi/7.3.1/thumb/v6-m\libgcc.a
LOAD c:/st/stm32cubeide_1.0.1/stm32cubeide/plugins/com.st.stm32cube.ide.mcu.externaltools.gnu-tools-for-stm32.7-2018-q2-update.win32_1.0.0.201904181610/tools/bin/../lib/gcc/arm-none-eabi/7.3.1/../../../../arm-none-eabi/lib/thumb/v6-m\libc_nano.a
LOAD c:/st/stm32cubeide_1.0.1/stm32cubeide/plugins/com.st.stm32cube.ide.mcu.externaltools.gnu-tools-for-stm32.7-2018-q2-update.win32_1.0.0.201904181610/tools/bin/../lib/gcc/arm-none-eabi/7.3.1/../../../../arm-none-eabi/lib/thumb/v6-m\libnosys.a
END GROUP
START GROUP
LOAD c:/st/stm32cubeide_1.0.1/stm32cubeide/plugins/com.st.stm32cube.ide.mcu.externaltools.gnu-tools-for-stm32.7-2018-q2-update.win32_1.0.0.201904181610/tools/bin/../lib/gcc/arm-none-eabi/7.3.1/thumb/v6-m\libgcc.a
LOAD c:/st/stm32cubeide_1.0.1/stm32cubeide/plugins/com.st.stm32cube.ide.mcu.externaltools.gnu-tools-for-stm32.7-2018-q2-update.win32_1.0.0.201904181610/tools/bin/../lib/gcc/arm-none-eabi/7.3.1/../../../../arm-none-eabi/lib/thumb/v6-m\libc_nano.a
LOAD c:/st/stm32cubeide_1.0.1/stm32cubeide/plugins/com.st.stm32cube.ide.mcu.externaltools.gnu-tools-for-stm32.7-2018-q2-update.win32_1.0.0.201904181610/tools/bin/../lib/gcc/arm-none-eabi/7.3.1/../../../../arm-none-eabi/lib/thumb/v6-m\libnosys.a
END GROUP
LOAD c:/st/stm32cubeide_1.0.1/stm32cubeide/plugins/com.st.stm32cube.ide.mcu.externaltools.gnu-tools-for-stm32.7-2018-q2-update.win32_1.0.0.201904181610/tools/bin/../lib/gcc/arm-none-eabi/7.3.1/thumb/v6-m/crtend.o
LOAD c:/st/stm32cubeide_1.0.1/stm32cubeide/plugins/com.st.stm32cube.ide.mcu.externaltools.gnu-tools-for-stm32.7-2018-q2-update.win32_1.0.0.201904181610/tools/bin/../lib/gcc/arm-none-eabi/7.3.1/thumb/v6-m/crtn.o
                0x0000000020004000                _estack = 0x20004000
                0x0000000000000800                _Min_Heap_Size = 0x800
                0x0000000000000600                _Min_Stack_Size = 0x600

.isr_vector     0x0000000008000000       0xc0
                0x0000000008000000                . = ALIGN (0x4)
 *(.isr_vector)
 .isr_vector    0x0000000008000000       0xc0 Startup/startup_stm32f072rbtx.o
                0x0000000008000000                g_pfnVectors
                0x00000000080000c0                . = ALIGN (0x4)

.text           0x00000000080000c0     0x820c
                0x00000000080000c0                . = ALIGN (0x4)
 *(.text)
 .text          0x00000000080000c0       0x48 c:/st/stm32cubeide_1.0.1/stm32cubeide/plugins/com.st.stm32cube.ide.mcu.externaltools.gnu-tools-for-stm32.7-2018-q2-update.win32_1.0.0.201904181610/tools/bin/../lib/gcc/arm-none-eabi/7.3.1/thumb/v6-m/crtbegin.o
 .text          0x0000000008000108      0x114 c:/st/stm32cubeide_1.0.1/stm32cubeide/plugins/com.st.stm32cube.ide.mcu.externaltools.gnu-tools-for-stm32.7-2018-q2-update.win32_1.0.0.201904181610/tools/bin/../lib/gcc/arm-none-eabi/7.3.1/thumb/v6-m\libgcc.a(_udivsi3.o)
                0x0000000008000108                __aeabi_uidiv
                0x0000000008000108                __udivsi3
                0x0000000008000214                __aeabi_uidivmod
 .text          0x000000000800021c        0x4 c:/st/stm32cubeide_1.0.1/stm32cubeide/plugins/com.st.stm32cube.ide.mcu.externaltools.gnu-tools-for-stm32.7-2018-q2-update.win32_1.0.0.201904181610/tools/bin/../lib/gcc/arm-none-eabi/7.3.1/thumb/v6-m\libgcc.a(_dvmd_tls.o)
                0x000000000800021c                __aeabi_idiv0
                0x000000000800021c                __aeabi_ldiv0
 *(.text*)
 .text.HAL_Init
                0x0000000008000220       0x28 Drivers/STM32F0xx_HAL_Driver/Src/stm32f0xx_hal.o
                0x0000000008000220                HAL_Init
 .text.HAL_InitTick
                0x0000000008000248       0x38 Drivers/STM32F0xx_HAL_Driver/Src/stm32f0xx_hal.o
                0x0000000008000248                HAL_InitTick
 .text.HAL_IncTick
                0x0000000008000280       0x18 Drivers/STM32F0xx_HAL_Driver/Src/stm32f0xx_hal.o
                0x0000000008000280                HAL_IncTick
 .text.HAL_GetTick
                0x0000000008000298       0x14 Drivers/STM32F0xx_HAL_Driver/Src/stm32f0xx_hal.o
                0x0000000008000298                HAL_GetTick
 .text.HAL_Delay
                0x00000000080002ac       0x3a Drivers/STM32F0xx_HAL_Driver/Src/stm32f0xx_hal.o
                0x00000000080002ac                HAL_Delay
 *fill*         0x00000000080002e6        0x2 
 .text.NVIC_EnableIRQ
                0x00000000080002e8       0x2c Drivers/STM32F0xx_HAL_Driver/Src/stm32f0xx_hal_cortex.o
 .text.NVIC_SetPriority
                0x0000000008000314       0xdc Drivers/STM32F0xx_HAL_Driver/Src/stm32f0xx_hal_cortex.o
 .text.SysTick_Config
                0x00000000080003f0       0x48 Drivers/STM32F0xx_HAL_Driver/Src/stm32f0xx_hal_cortex.o
 .text.HAL_NVIC_SetPriority
                0x0000000008000438       0x2a Drivers/STM32F0xx_HAL_Driver/Src/stm32f0xx_hal_cortex.o
                0x0000000008000438                HAL_NVIC_SetPriority
 .text.HAL_NVIC_EnableIRQ
                0x0000000008000462       0x20 Drivers/STM32F0xx_HAL_Driver/Src/stm32f0xx_hal_cortex.o
                0x0000000008000462                HAL_NVIC_EnableIRQ
 .text.HAL_SYSTICK_Config
                0x0000000008000482       0x1a Drivers/STM32F0xx_HAL_Driver/Src/stm32f0xx_hal_cortex.o
                0x0000000008000482                HAL_SYSTICK_Config
 .text.HAL_GPIO_Init
                0x000000000800049c      0x2f8 Drivers/STM32F0xx_HAL_Driver/Src/stm32f0xx_hal_gpio.o
                0x000000000800049c                HAL_GPIO_Init
 .text.HAL_GPIO_WritePin
                0x0000000008000794       0x3a Drivers/STM32F0xx_HAL_Driver/Src/stm32f0xx_hal_gpio.o
                0x0000000008000794                HAL_GPIO_WritePin
 *fill*         0x00000000080007ce        0x2 
 .text.HAL_GPIO_EXTI_IRQHandler
                0x00000000080007d0       0x38 Drivers/STM32F0xx_HAL_Driver/Src/stm32f0xx_hal_gpio.o
                0x00000000080007d0                HAL_GPIO_EXTI_IRQHandler
 .text.HAL_I2C_Init
                0x0000000008000808      0x12c Drivers/STM32F0xx_HAL_Driver/Src/stm32f0xx_hal_i2c.o
                0x0000000008000808                HAL_I2C_Init
 .text.HAL_I2C_Master_Transmit
                0x0000000008000934      0x228 Drivers/STM32F0xx_HAL_Driver/Src/stm32f0xx_hal_i2c.o
                0x0000000008000934                HAL_I2C_Master_Transmit
 .text.HAL_I2C_Master_Receive
                0x0000000008000b5c      0x228 Drivers/STM32F0xx_HAL_Driver/Src/stm32f0xx_hal_i2c.o
                0x0000000008000b5c                HAL_I2C_Master_Receive
 .text.HAL_I2C_IsDeviceReady
                0x0000000008000d84      0x1d0 Drivers/STM32F0xx_HAL_Driver/Src/stm32f0xx_hal_i2c.o
                0x0000000008000d84                HAL_I2C_IsDeviceReady
 .text.I2C_Flush_TXDR
                0x0000000008000f54       0x44 Drivers/STM32F0xx_HAL_Driver/Src/stm32f0xx_hal_i2c.o
 .text.I2C_WaitOnFlagUntilTimeout
                0x0000000008000f98       0x72 Drivers/STM32F0xx_HAL_Driver/Src/stm32f0xx_hal_i2c.o
 .text.I2C_WaitOnTXISFlagUntilTimeout
                0x000000000800100a       0x7e Drivers/STM32F0xx_HAL_Driver/Src/stm32f0xx_hal_i2c.o
 .text.I2C_WaitOnSTOPFlagUntilTimeout
                0x0000000008001088       0x78 Drivers/STM32F0xx_HAL_Driver/Src/stm32f0xx_hal_i2c.o
 .text.I2C_WaitOnRXNEFlagUntilTimeout
                0x0000000008001100       0xbc Drivers/STM32F0xx_HAL_Driver/Src/stm32f0xx_hal_i2c.o
 .text.I2C_IsAcknowledgeFailed
                0x00000000080011bc       0xbc Drivers/STM32F0xx_HAL_Driver/Src/stm32f0xx_hal_i2c.o
 .text.I2C_TransferConfig
                0x0000000008001278       0x6c Drivers/STM32F0xx_HAL_Driver/Src/stm32f0xx_hal_i2c.o
 .text.HAL_I2CEx_ConfigAnalogFilter
                0x00000000080012e4       0x98 Drivers/STM32F0xx_HAL_Driver/Src/stm32f0xx_hal_i2c_ex.o
                0x00000000080012e4                HAL_I2CEx_ConfigAnalogFilter
 .text.HAL_I2CEx_ConfigDigitalFilter
                0x000000000800137c       0x9c Drivers/STM32F0xx_HAL_Driver/Src/stm32f0xx_hal_i2c_ex.o
                0x000000000800137c                HAL_I2CEx_ConfigDigitalFilter
 .text.HAL_PCD_Init
                0x0000000008001418      0x1e0 Drivers/STM32F0xx_HAL_Driver/Src/stm32f0xx_hal_pcd.o
                0x0000000008001418                HAL_PCD_Init
 .text.HAL_PCD_Start
                0x00000000080015f8       0x30 Drivers/STM32F0xx_HAL_Driver/Src/stm32f0xx_hal_pcd.o
                0x00000000080015f8                HAL_PCD_Start
 .text.HAL_PCD_IRQHandler
                0x0000000008001628      0x250 Drivers/STM32F0xx_HAL_Driver/Src/stm32f0xx_hal_pcd.o
                0x0000000008001628                HAL_PCD_IRQHandler
 .text.HAL_PCD_SetAddress
                0x0000000008001878       0x5a Drivers/STM32F0xx_HAL_Driver/Src/stm32f0xx_hal_pcd.o
                0x0000000008001878                HAL_PCD_SetAddress
 *fill*         0x00000000080018d2        0x2 
 .text.HAL_PCD_EP_Open
                0x00000000080018d4      0x738 Drivers/STM32F0xx_HAL_Driver/Src/stm32f0xx_hal_pcd.o
                0x00000000080018d4                HAL_PCD_EP_Open
 .text.HAL_PCD_EP_Close
                0x000000000800200c      0x3fc Drivers/STM32F0xx_HAL_Driver/Src/stm32f0xx_hal_pcd.o
                0x000000000800200c                HAL_PCD_EP_Close
 .text.HAL_PCD_EP_Receive
                0x0000000008002408      0x2fc Drivers/STM32F0xx_HAL_Driver/Src/stm32f0xx_hal_pcd.o
                0x0000000008002408                HAL_PCD_EP_Receive
 .text.HAL_PCD_EP_GetRxCount
                0x0000000008002704       0x34 Drivers/STM32F0xx_HAL_Driver/Src/stm32f0xx_hal_pcd.o
                0x0000000008002704                HAL_PCD_EP_GetRxCount
 .text.HAL_PCD_EP_Transmit
                0x0000000008002738      0x374 Drivers/STM32F0xx_HAL_Driver/Src/stm32f0xx_hal_pcd.o
                0x0000000008002738                HAL_PCD_EP_Transmit
 .text.HAL_PCD_EP_SetStall
                0x0000000008002aac      0x16c Drivers/STM32F0xx_HAL_Driver/Src/stm32f0xx_hal_pcd.o
                0x0000000008002aac                HAL_PCD_EP_SetStall
 .text.HAL_PCD_EP_ClrStall
                0x0000000008002c18      0x1c8 Drivers/STM32F0xx_HAL_Driver/Src/stm32f0xx_hal_pcd.o
                0x0000000008002c18                HAL_PCD_EP_ClrStall
 .text.PCD_WritePMA
                0x0000000008002de0       0x84 Drivers/STM32F0xx_HAL_Driver/Src/stm32f0xx_hal_pcd.o
                0x0000000008002de0                PCD_WritePMA
 .text.PCD_ReadPMA
                0x0000000008002e64       0x94 Drivers/STM32F0xx_HAL_Driver/Src/stm32f0xx_hal_pcd.o
                0x0000000008002e64                PCD_ReadPMA
 .text.PCD_EP_ISR_Handler
                0x0000000008002ef8      0x6ec Drivers/STM32F0xx_HAL_Driver/Src/stm32f0xx_hal_pcd.o
 .text.HAL_PCDEx_PMAConfig
                0x00000000080035e4       0x9c Drivers/STM32F0xx_HAL_Driver/Src/stm32f0xx_hal_pcd_ex.o
                0x00000000080035e4                HAL_PCDEx_PMAConfig
 .text.HAL_RCC_OscConfig
                0x0000000008003680      0x6c0 Drivers/STM32F0xx_HAL_Driver/Src/stm32f0xx_hal_rcc.o
                0x0000000008003680                HAL_RCC_OscConfig
 .text.HAL_RCC_ClockConfig
                0x0000000008003d40      0x214 Drivers/STM32F0xx_HAL_Driver/Src/stm32f0xx_hal_rcc.o
                0x0000000008003d40                HAL_RCC_ClockConfig
 .text.HAL_RCC_GetSysClockFreq
                0x0000000008003f54       0xfc Drivers/STM32F0xx_HAL_Driver/Src/stm32f0xx_hal_rcc.o
                0x0000000008003f54                HAL_RCC_GetSysClockFreq
 .text.HAL_RCC_GetHCLKFreq
                0x0000000008004050       0x14 Drivers/STM32F0xx_HAL_Driver/Src/stm32f0xx_hal_rcc.o
                0x0000000008004050                HAL_RCC_GetHCLKFreq
 .text.HAL_RCC_GetPCLK1Freq
                0x0000000008004064       0x2c Drivers/STM32F0xx_HAL_Driver/Src/stm32f0xx_hal_rcc.o
                0x0000000008004064                HAL_RCC_GetPCLK1Freq
 .text.HAL_RCCEx_PeriphCLKConfig
                0x0000000008004090      0x200 Drivers/STM32F0xx_HAL_Driver/Src/stm32f0xx_hal_rcc_ex.o
                0x0000000008004090                HAL_RCCEx_PeriphCLKConfig
 .text.HAL_RCCEx_CRSConfig
                0x0000000008004290       0x90 Drivers/STM32F0xx_HAL_Driver/Src/stm32f0xx_hal_rcc_ex.o
                0x0000000008004290                HAL_RCCEx_CRSConfig
 .text.HAL_TIM_Base_Init
                0x0000000008004320       0x58 Drivers/STM32F0xx_HAL_Driver/Src/stm32f0xx_hal_tim.o
                0x0000000008004320                HAL_TIM_Base_Init
 .text.HAL_TIM_Base_Start
                0x0000000008004378       0x32 Drivers/STM32F0xx_HAL_Driver/Src/stm32f0xx_hal_tim.o
                0x0000000008004378                HAL_TIM_Base_Start
 *fill*         0x00000000080043aa        0x2 
 .text.HAL_TIM_Base_Stop
                0x00000000080043ac       0x54 Drivers/STM32F0xx_HAL_Driver/Src/stm32f0xx_hal_tim.o
                0x00000000080043ac                HAL_TIM_Base_Stop
 .text.HAL_TIM_Base_Start_IT
                0x0000000008004400       0x32 Drivers/STM32F0xx_HAL_Driver/Src/stm32f0xx_hal_tim.o
                0x0000000008004400                HAL_TIM_Base_Start_IT
 .text.HAL_TIM_IRQHandler
                0x0000000008004432      0x22c Drivers/STM32F0xx_HAL_Driver/Src/stm32f0xx_hal_tim.o
                0x0000000008004432                HAL_TIM_IRQHandler
 .text.HAL_TIM_OC_DelayElapsedCallback
                0x000000000800465e       0x10 Drivers/STM32F0xx_HAL_Driver/Src/stm32f0xx_hal_tim.o
                0x000000000800465e                HAL_TIM_OC_DelayElapsedCallback
 .text.HAL_TIM_IC_CaptureCallback
                0x000000000800466e       0x10 Drivers/STM32F0xx_HAL_Driver/Src/stm32f0xx_hal_tim.o
                0x000000000800466e                HAL_TIM_IC_CaptureCallback
 .text.HAL_TIM_PWM_PulseFinishedCallback
                0x000000000800467e       0x10 Drivers/STM32F0xx_HAL_Driver/Src/stm32f0xx_hal_tim.o
                0x000000000800467e                HAL_TIM_PWM_PulseFinishedCallback
 .text.HAL_TIM_TriggerCallback
                0x000000000800468e       0x10 Drivers/STM32F0xx_HAL_Driver/Src/stm32f0xx_hal_tim.o
                0x000000000800468e                HAL_TIM_TriggerCallback
 *fill*         0x000000000800469e        0x2 
 .text.TIM_Base_SetConfig
                0x00000000080046a0      0x104 Drivers/STM32F0xx_HAL_Driver/Src/stm32f0xx_hal_tim.o
                0x00000000080046a0                TIM_Base_SetConfig
 .text.HAL_TIMEx_MasterConfigSynchronization
                0x00000000080047a4       0x86 Drivers/STM32F0xx_HAL_Driver/Src/stm32f0xx_hal_tim_ex.o
                0x00000000080047a4                HAL_TIMEx_MasterConfigSynchronization
 .text.HAL_TIMEx_CommutationCallback
                0x000000000800482a       0x10 Drivers/STM32F0xx_HAL_Driver/Src/stm32f0xx_hal_tim_ex.o
                0x000000000800482a                HAL_TIMEx_CommutationCallback
 .text.HAL_TIMEx_BreakCallback
                0x000000000800483a       0x10 Drivers/STM32F0xx_HAL_Driver/Src/stm32f0xx_hal_tim_ex.o
                0x000000000800483a                HAL_TIMEx_BreakCallback
 *fill*         0x000000000800484a        0x2 
 .text.HAL_UART_Init
                0x000000000800484c       0xb0 Drivers/STM32F0xx_HAL_Driver/Src/stm32f0xx_hal_uart.o
                0x000000000800484c                HAL_UART_Init
 .text.UART_SetConfig
                0x00000000080048fc      0x378 Drivers/STM32F0xx_HAL_Driver/Src/stm32f0xx_hal_uart.o
                0x00000000080048fc                UART_SetConfig
 .text.UART_AdvFeatureConfig
                0x0000000008004c74      0x168 Drivers/STM32F0xx_HAL_Driver/Src/stm32f0xx_hal_uart.o
                0x0000000008004c74                UART_AdvFeatureConfig
 .text.UART_CheckIdleState
                0x0000000008004ddc       0xb0 Drivers/STM32F0xx_HAL_Driver/Src/stm32f0xx_hal_uart.o
                0x0000000008004ddc                UART_CheckIdleState
 .text.UART_WaitOnFlagUntilTimeout
                0x0000000008004e8c       0x98 Drivers/STM32F0xx_HAL_Driver/Src/stm32f0xx_hal_uart.o
                0x0000000008004e8c                UART_WaitOnFlagUntilTimeout
 .text.USBD_CDC_Init
                0x0000000008004f24       0xf2 Middlewares/ST/STM32_USB_Device_Library/Class/CDC/Src/usbd_cdc.o
 .text.USBD_CDC_DeInit
                0x0000000008005016       0x72 Middlewares/ST/STM32_USB_Device_Library/Class/CDC/Src/usbd_cdc.o
 .text.USBD_CDC_Setup
                0x0000000008005088       0xc8 Middlewares/ST/STM32_USB_Device_Library/Class/CDC/Src/usbd_cdc.o
 .text.USBD_CDC_DataIn
                0x0000000008005150       0x3c Middlewares/ST/STM32_USB_Device_Library/Class/CDC/Src/usbd_cdc.o
 .text.USBD_CDC_DataOut
                0x000000000800518c       0x6a Middlewares/ST/STM32_USB_Device_Library/Class/CDC/Src/usbd_cdc.o
 *fill*         0x00000000080051f6        0x2 
 .text.USBD_CDC_EP0_RxReady
                0x00000000080051f8       0x64 Middlewares/ST/STM32_USB_Device_Library/Class/CDC/Src/usbd_cdc.o
 .text.USBD_CDC_GetFSCfgDesc
                0x000000000800525c       0x1c Middlewares/ST/STM32_USB_Device_Library/Class/CDC/Src/usbd_cdc.o
 .text.USBD_CDC_GetHSCfgDesc
                0x0000000008005278       0x1c Middlewares/ST/STM32_USB_Device_Library/Class/CDC/Src/usbd_cdc.o
 .text.USBD_CDC_GetOtherSpeedCfgDesc
                0x0000000008005294       0x1c Middlewares/ST/STM32_USB_Device_Library/Class/CDC/Src/usbd_cdc.o
 .text.USBD_CDC_GetDeviceQualifierDescriptor
                0x00000000080052b0       0x1c Middlewares/ST/STM32_USB_Device_Library/Class/CDC/Src/usbd_cdc.o
                0x00000000080052b0                USBD_CDC_GetDeviceQualifierDescriptor
 .text.USBD_CDC_RegisterInterface
                0x00000000080052cc       0x38 Middlewares/ST/STM32_USB_Device_Library/Class/CDC/Src/usbd_cdc.o
                0x00000000080052cc                USBD_CDC_RegisterInterface
 .text.USBD_CDC_SetTxBuffer
                0x0000000008005304       0x38 Middlewares/ST/STM32_USB_Device_Library/Class/CDC/Src/usbd_cdc.o
                0x0000000008005304                USBD_CDC_SetTxBuffer
 .text.USBD_CDC_SetRxBuffer
                0x000000000800533c       0x28 Middlewares/ST/STM32_USB_Device_Library/Class/CDC/Src/usbd_cdc.o
                0x000000000800533c                USBD_CDC_SetRxBuffer
 .text.USBD_CDC_TransmitPacket
                0x0000000008005364       0x62 Middlewares/ST/STM32_USB_Device_Library/Class/CDC/Src/usbd_cdc.o
                0x0000000008005364                USBD_CDC_TransmitPacket
 .text.USBD_CDC_ReceivePacket
                0x00000000080053c6       0x5c Middlewares/ST/STM32_USB_Device_Library/Class/CDC/Src/usbd_cdc.o
                0x00000000080053c6                USBD_CDC_ReceivePacket
 .text.USBD_Init
                0x0000000008005422       0x62 Middlewares/ST/STM32_USB_Device_Library/Core/Src/usbd_core.o
                0x0000000008005422                USBD_Init
 .text.USBD_RegisterClass
                0x0000000008005484       0x42 Middlewares/ST/STM32_USB_Device_Library/Core/Src/usbd_core.o
                0x0000000008005484                USBD_RegisterClass
 .text.USBD_Start
                0x00000000080054c6       0x1a Middlewares/ST/STM32_USB_Device_Library/Core/Src/usbd_core.o
                0x00000000080054c6                USBD_Start
 .text.USBD_RunTestMode
                0x00000000080054e0       0x12 Middlewares/ST/STM32_USB_Device_Library/Core/Src/usbd_core.o
                0x00000000080054e0                USBD_RunTestMode
 .text.USBD_SetClassConfig
                0x00000000080054f2       0x50 Middlewares/ST/STM32_USB_Device_Library/Core/Src/usbd_core.o
                0x00000000080054f2                USBD_SetClassConfig
 .text.USBD_ClrClassConfig
                0x0000000008005542       0x2c Middlewares/ST/STM32_USB_Device_Library/Core/Src/usbd_core.o
                0x0000000008005542                USBD_ClrClassConfig
 *fill*         0x000000000800556e        0x2 
 .text.USBD_LL_SetupStage
                0x0000000008005570       0xb8 Middlewares/ST/STM32_USB_Device_Library/Core/Src/usbd_core.o
                0x0000000008005570                USBD_LL_SetupStage
 .text.USBD_LL_DataOutStage
                0x0000000008005628       0xd2 Middlewares/ST/STM32_USB_Device_Library/Core/Src/usbd_core.o
                0x0000000008005628                USBD_LL_DataOutStage
 .text.USBD_LL_DataInStage
                0x00000000080056fa      0x146 Middlewares/ST/STM32_USB_Device_Library/Core/Src/usbd_core.o
                0x00000000080056fa                USBD_LL_DataInStage
 .text.USBD_LL_Reset
                0x0000000008005840       0x66 Middlewares/ST/STM32_USB_Device_Library/Core/Src/usbd_core.o
                0x0000000008005840                USBD_LL_Reset
 .text.USBD_LL_SetSpeed
                0x00000000080058a6       0x20 Middlewares/ST/STM32_USB_Device_Library/Core/Src/usbd_core.o
                0x00000000080058a6                USBD_LL_SetSpeed
 .text.USBD_LL_Suspend
                0x00000000080058c6       0x2c Middlewares/ST/STM32_USB_Device_Library/Core/Src/usbd_core.o
                0x00000000080058c6                USBD_LL_Suspend
 .text.USBD_LL_Resume
                0x00000000080058f2       0x22 Middlewares/ST/STM32_USB_Device_Library/Core/Src/usbd_core.o
                0x00000000080058f2                USBD_LL_Resume
 .text.USBD_LL_SOF
                0x0000000008005914       0x3c Middlewares/ST/STM32_USB_Device_Library/Core/Src/usbd_core.o
                0x0000000008005914                USBD_LL_SOF
 .text.USBD_StdDevReq
                0x0000000008005950       0xa8 Middlewares/ST/STM32_USB_Device_Library/Core/Src/usbd_ctlreq.o
                0x0000000008005950                USBD_StdDevReq
 .text.USBD_StdItfReq
                0x00000000080059f8       0x7e Middlewares/ST/STM32_USB_Device_Library/Core/Src/usbd_ctlreq.o
                0x00000000080059f8                USBD_StdItfReq
 .text.USBD_StdEPReq
                0x0000000008005a76      0x22c Middlewares/ST/STM32_USB_Device_Library/Core/Src/usbd_ctlreq.o
                0x0000000008005a76                USBD_StdEPReq
 *fill*         0x0000000008005ca2        0x2 
 .text.USBD_GetDescriptor
                0x0000000008005ca4      0x214 Middlewares/ST/STM32_USB_Device_Library/Core/Src/usbd_ctlreq.o
 .text.USBD_SetAddress
                0x0000000008005eb8       0x9c Middlewares/ST/STM32_USB_Device_Library/Core/Src/usbd_ctlreq.o
 .text.USBD_SetConfig
                0x0000000008005f54      0x138 Middlewares/ST/STM32_USB_Device_Library/Core/Src/usbd_ctlreq.o
 .text.USBD_GetConfig
                0x000000000800608c       0x70 Middlewares/ST/STM32_USB_Device_Library/Core/Src/usbd_ctlreq.o
 .text.USBD_GetStatus
                0x00000000080060fc       0x5e Middlewares/ST/STM32_USB_Device_Library/Core/Src/usbd_ctlreq.o
 .text.USBD_SetFeature
                0x000000000800615a       0x3e Middlewares/ST/STM32_USB_Device_Library/Core/Src/usbd_ctlreq.o
 .text.USBD_ClrFeature
                0x0000000008006198       0x5e Middlewares/ST/STM32_USB_Device_Library/Core/Src/usbd_ctlreq.o
 .text.USBD_ParseSetupRequest
                0x00000000080061f6       0x76 Middlewares/ST/STM32_USB_Device_Library/Core/Src/usbd_ctlreq.o
                0x00000000080061f6                USBD_ParseSetupRequest
 .text.USBD_CtlError
                0x000000000800626c       0x26 Middlewares/ST/STM32_USB_Device_Library/Core/Src/usbd_ctlreq.o
                0x000000000800626c                USBD_CtlError
 .text.USBD_GetString
                0x0000000008006292       0xa0 Middlewares/ST/STM32_USB_Device_Library/Core/Src/usbd_ctlreq.o
                0x0000000008006292                USBD_GetString
 .text.USBD_GetLen
                0x0000000008006332       0x3a Middlewares/ST/STM32_USB_Device_Library/Core/Src/usbd_ctlreq.o
 .text.USBD_CtlSendData
                0x000000000800636c       0x40 Middlewares/ST/STM32_USB_Device_Library/Core/Src/usbd_ioreq.o
                0x000000000800636c                USBD_CtlSendData
 .text.USBD_CtlContinueSendData
                0x00000000080063ac       0x26 Middlewares/ST/STM32_USB_Device_Library/Core/Src/usbd_ioreq.o
                0x00000000080063ac                USBD_CtlContinueSendData
 .text.USBD_CtlPrepareRx
                0x00000000080063d2       0x48 Middlewares/ST/STM32_USB_Device_Library/Core/Src/usbd_ioreq.o
                0x00000000080063d2                USBD_CtlPrepareRx
 .text.USBD_CtlContinueRx
                0x000000000800641a       0x26 Middlewares/ST/STM32_USB_Device_Library/Core/Src/usbd_ioreq.o
                0x000000000800641a                USBD_CtlContinueRx
 .text.USBD_CtlSendStatus
                0x0000000008006440       0x28 Middlewares/ST/STM32_USB_Device_Library/Core/Src/usbd_ioreq.o
                0x0000000008006440                USBD_CtlSendStatus
 .text.USBD_CtlReceiveStatus
                0x0000000008006468       0x28 Middlewares/ST/STM32_USB_Device_Library/Core/Src/usbd_ioreq.o
                0x0000000008006468                USBD_CtlReceiveStatus
 .text.initialize_expanders
                0x0000000008006490       0xf6 Src/i2c_comm.o
                0x0000000008006490                initialize_expanders
 .text.configure_outputs
                0x0000000008006586       0x6c Src/i2c_comm.o
                0x0000000008006586                configure_outputs
 .text.read_all_inputs
                0x00000000080065f2       0x48 Src/i2c_comm.o
                0x00000000080065f2                read_all_inputs
 .text.read_all_outputs
                0x000000000800663a       0x50 Src/i2c_comm.o
                0x000000000800663a                read_all_outputs
 .text.receive_data_from_pointer
                0x000000000800668a       0x8c Src/i2c_comm.o
                0x000000000800668a                receive_data_from_pointer
 .text.aligned_data
                0x0000000008006716       0x68 Src/i2c_comm.o
                0x0000000008006716                aligned_data
 *fill*         0x000000000800677e        0x2 
 .text.main     0x0000000008006780      0x2f0 Src/main.o
                0x0000000008006780                main
 .text.SystemClock_Config
                0x0000000008006a70      0x144 Src/main.o
                0x0000000008006a70                SystemClock_Config
 .text.MX_I2C1_Init
                0x0000000008006bb4       0x80 Src/main.o
 .text.MX_TIM6_Init
                0x0000000008006c34       0x8c Src/main.o
 .text.MX_TIM7_Init
                0x0000000008006cc0       0x88 Src/main.o
 .text.MX_TIM14_Init
                0x0000000008006d48       0x60 Src/main.o
 .text.MX_USART2_UART_Init
                0x0000000008006da8       0x70 Src/main.o
 .text.MX_GPIO_Init
                0x0000000008006e18      0x288 Src/main.o
 .text.LED_Quick_Flash
                0x00000000080070a0       0x64 Src/main.o
                0x00000000080070a0                LED_Quick_Flash
 .text.I2C_Peripherals_available
                0x0000000008007104       0x3c Src/main.o
                0x0000000008007104                I2C_Peripherals_available
 .text.flush_data_buffer
                0x0000000008007140       0x30 Src/main.o
                0x0000000008007140                flush_data_buffer
 .text.enable_interrupt_handlers
                0x0000000008007170       0x1a Src/main.o
                0x0000000008007170                enable_interrupt_handlers
 *fill*         0x000000000800718a        0x2 
 .text.HAL_GPIO_EXTI_Callback
                0x000000000800718c       0x28 Src/main.o
                0x000000000800718c                HAL_GPIO_EXTI_Callback
 .text.HAL_TIM_PeriodElapsedCallback
                0x00000000080071b4       0x74 Src/main.o
                0x00000000080071b4                HAL_TIM_PeriodElapsedCallback
 .text.status_led_control
                0x0000000008007228       0xa0 Src/main.o
                0x0000000008007228                status_led_control
 .text.Reset_Expanders
                0x00000000080072c8       0x4c Src/main.o
                0x00000000080072c8                Reset_Expanders
 .text.Error_Handler
                0x0000000008007314       0x12 Src/main.o
                0x0000000008007314                Error_Handler
 *fill*         0x0000000008007326        0x2 
 .text.HAL_MspInit
                0x0000000008007328       0x48 Src/stm32f0xx_hal_msp.o
                0x0000000008007328                HAL_MspInit
 .text.HAL_I2C_MspInit
                0x0000000008007370       0x9c Src/stm32f0xx_hal_msp.o
                0x0000000008007370                HAL_I2C_MspInit
 .text.HAL_TIM_Base_MspInit
                0x000000000800740c       0xc0 Src/stm32f0xx_hal_msp.o
                0x000000000800740c                HAL_TIM_Base_MspInit
 .text.HAL_UART_MspInit
                0x00000000080074cc       0x98 Src/stm32f0xx_hal_msp.o
                0x00000000080074cc                HAL_UART_MspInit
 .text.NMI_Handler
                0x0000000008007564        0xa Src/stm32f0xx_it.o
                0x0000000008007564                NMI_Handler
 .text.HardFault_Handler
                0x000000000800756e        0x6 Src/stm32f0xx_it.o
                0x000000000800756e                HardFault_Handler
 .text.SVC_Handler
                0x0000000008007574        0xa Src/stm32f0xx_it.o
                0x0000000008007574                SVC_Handler
 .text.PendSV_Handler
                0x000000000800757e        0xa Src/stm32f0xx_it.o
                0x000000000800757e                PendSV_Handler
 .text.SysTick_Handler
                0x0000000008007588        0xe Src/stm32f0xx_it.o
                0x0000000008007588                SysTick_Handler
 .text.EXTI2_3_IRQHandler
                0x0000000008007596       0x10 Src/stm32f0xx_it.o
                0x0000000008007596                EXTI2_3_IRQHandler
 .text.EXTI4_15_IRQHandler
                0x00000000080075a6       0x14 Src/stm32f0xx_it.o
                0x00000000080075a6                EXTI4_15_IRQHandler
 *fill*         0x00000000080075ba        0x2 
 .text.TIM6_DAC_IRQHandler
                0x00000000080075bc       0x18 Src/stm32f0xx_it.o
                0x00000000080075bc                TIM6_DAC_IRQHandler
 .text.TIM7_IRQHandler
                0x00000000080075d4       0x18 Src/stm32f0xx_it.o
                0x00000000080075d4                TIM7_IRQHandler
 .text.TIM14_IRQHandler
                0x00000000080075ec       0x18 Src/stm32f0xx_it.o
                0x00000000080075ec                TIM14_IRQHandler
 .text.USB_IRQHandler
                0x0000000008007604       0x18 Src/stm32f0xx_it.o
                0x0000000008007604                USB_IRQHandler
 .text.SystemInit
                0x000000000800761c       0x88 Src/system_stm32f0xx.o
                0x000000000800761c                SystemInit
 .text.MX_USB_DEVICE_Init
                0x00000000080076a4       0x68 Src/usb_device.o
                0x00000000080076a4                MX_USB_DEVICE_Init
 .text.CDC_Init_FS
                0x000000000800770c       0x30 Src/usbd_cdc_if.o
 .text.CDC_DeInit_FS
                0x000000000800773c        0xc Src/usbd_cdc_if.o
 .text.CDC_Control_FS
                0x0000000008007748       0xd4 Src/usbd_cdc_if.o
 .text.CDC_Receive_FS
                0x000000000800781c       0x5c Src/usbd_cdc_if.o
 .text.CDC_Transmit_FS
                0x0000000008007878       0x60 Src/usbd_cdc_if.o
                0x0000000008007878                CDC_Transmit_FS
 .text.HAL_PCD_MspInit
                0x00000000080078d8       0x50 Src/usbd_conf.o
                0x00000000080078d8                HAL_PCD_MspInit
 .text.HAL_PCD_SetupStageCallback
                0x0000000008007928       0x26 Src/usbd_conf.o
                0x0000000008007928                HAL_PCD_SetupStageCallback
 .text.HAL_PCD_DataOutStageCallback
                0x000000000800794e       0x42 Src/usbd_conf.o
                0x000000000800794e                HAL_PCD_DataOutStageCallback
 .text.HAL_PCD_DataInStageCallback
                0x0000000008007990       0x3c Src/usbd_conf.o
                0x0000000008007990                HAL_PCD_DataInStageCallback
 .text.HAL_PCD_SOFCallback
                0x00000000080079cc       0x1e Src/usbd_conf.o
                0x00000000080079cc                HAL_PCD_SOFCallback
 .text.HAL_PCD_ResetCallback
                0x00000000080079ea       0x48 Src/usbd_conf.o
                0x00000000080079ea                HAL_PCD_ResetCallback
 *fill*         0x0000000008007a32        0x2 
 .text.HAL_PCD_SuspendCallback
                0x0000000008007a34       0x38 Src/usbd_conf.o
                0x0000000008007a34                HAL_PCD_SuspendCallback
 .text.HAL_PCD_ResumeCallback
                0x0000000008007a6c       0x3c Src/usbd_conf.o
                0x0000000008007a6c                HAL_PCD_ResumeCallback
 .text.USBD_LL_Init
                0x0000000008007aa8       0xc8 Src/usbd_conf.o
                0x0000000008007aa8                USBD_LL_Init
 .text.USBD_LL_Start
                0x0000000008007b70       0x4c Src/usbd_conf.o
                0x0000000008007b70                USBD_LL_Start
 .text.USBD_LL_OpenEP
                0x0000000008007bbc       0x6e Src/usbd_conf.o
                0x0000000008007bbc                USBD_LL_OpenEP
 .text.USBD_LL_CloseEP
                0x0000000008007c2a       0x58 Src/usbd_conf.o
                0x0000000008007c2a                USBD_LL_CloseEP
 .text.USBD_LL_StallEP
                0x0000000008007c82       0x58 Src/usbd_conf.o
                0x0000000008007c82                USBD_LL_StallEP
 .text.USBD_LL_ClearStallEP
                0x0000000008007cda       0x58 Src/usbd_conf.o
                0x0000000008007cda                USBD_LL_ClearStallEP
 .text.USBD_LL_IsStallEP
                0x0000000008007d32       0x62 Src/usbd_conf.o
                0x0000000008007d32                USBD_LL_IsStallEP
 .text.USBD_LL_SetUSBAddress
                0x0000000008007d94       0x58 Src/usbd_conf.o
                0x0000000008007d94                USBD_LL_SetUSBAddress
 .text.USBD_LL_Transmit
                0x0000000008007dec       0x70 Src/usbd_conf.o
                0x0000000008007dec                USBD_LL_Transmit
 .text.USBD_LL_PrepareReceive
                0x0000000008007e5c       0x70 Src/usbd_conf.o
                0x0000000008007e5c                USBD_LL_PrepareReceive
 .text.USBD_LL_GetRxDataSize
                0x0000000008007ecc       0x2c Src/usbd_conf.o
                0x0000000008007ecc                USBD_LL_GetRxDataSize
 .text.USBD_static_malloc
                0x0000000008007ef8       0x18 Src/usbd_conf.o
                0x0000000008007ef8                USBD_static_malloc
 .text.USBD_static_free
                0x0000000008007f10       0x10 Src/usbd_conf.o
                0x0000000008007f10                USBD_static_free
 .text.SystemClockConfig_Resume
                0x0000000008007f20        0xe Src/usbd_conf.o
 .text.USBD_Get_USB_Status
                0x0000000008007f2e       0x6e Src/usbd_conf.o
 .text.USBD_FS_DeviceDescriptor
                0x0000000008007f9c       0x24 Src/usbd_desc.o
                0x0000000008007f9c                USBD_FS_DeviceDescriptor
 .text.USBD_FS_LangIDStrDescriptor
                0x0000000008007fc0       0x24 Src/usbd_desc.o
                0x0000000008007fc0                USBD_FS_LangIDStrDescriptor
 .text.USBD_FS_ProductStrDescriptor
                0x0000000008007fe4       0x44 Src/usbd_desc.o
                0x0000000008007fe4                USBD_FS_ProductStrDescriptor
 .text.USBD_FS_ManufacturerStrDescriptor
                0x0000000008008028       0x2c Src/usbd_desc.o
                0x0000000008008028                USBD_FS_ManufacturerStrDescriptor
 .text.USBD_FS_SerialStrDescriptor
                0x0000000008008054       0x28 Src/usbd_desc.o
                0x0000000008008054                USBD_FS_SerialStrDescriptor
 .text.USBD_FS_ConfigStrDescriptor
                0x000000000800807c       0x44 Src/usbd_desc.o
                0x000000000800807c                USBD_FS_ConfigStrDescriptor
 .text.USBD_FS_InterfaceStrDescriptor
                0x00000000080080c0       0x44 Src/usbd_desc.o
                0x00000000080080c0                USBD_FS_InterfaceStrDescriptor
 .text.Get_SerialNum
                0x0000000008008104       0x5c Src/usbd_desc.o
 .text.IntToUnicode
                0x0000000008008160       0x94 Src/usbd_desc.o
 .text.Reset_Handler
                0x00000000080081f4       0x50 Startup/startup_stm32f072rbtx.o
                0x00000000080081f4                Reset_Handler
 .text.Default_Handler
                0x0000000008008244        0x2 Startup/startup_stm32f072rbtx.o
                0x0000000008008244                TIM1_CC_IRQHandler
                0x0000000008008244                TSC_IRQHandler
                0x0000000008008244                ADC1_COMP_IRQHandler
                0x0000000008008244                I2C1_IRQHandler
                0x0000000008008244                RCC_CRS_IRQHandler
                0x0000000008008244                SPI1_IRQHandler
                0x0000000008008244                USART3_4_IRQHandler
                0x0000000008008244                I2C2_IRQHandler
                0x0000000008008244                TIM17_IRQHandler
                0x0000000008008244                CEC_CAN_IRQHandler
                0x0000000008008244                RTC_IRQHandler
                0x0000000008008244                PVD_VDDIO2_IRQHandler
                0x0000000008008244                DMA1_Channel4_5_6_7_IRQHandler
                0x0000000008008244                TIM16_IRQHandler
                0x0000000008008244                TIM3_IRQHandler
                0x0000000008008244                DMA1_Channel1_IRQHandler
                0x0000000008008244                Default_Handler
                0x0000000008008244                TIM15_IRQHandler
                0x0000000008008244                EXTI0_1_IRQHandler
                0x0000000008008244                SPI2_IRQHandler
                0x0000000008008244                WWDG_IRQHandler
                0x0000000008008244                TIM2_IRQHandler
                0x0000000008008244                DMA1_Channel2_3_IRQHandler
                0x0000000008008244                USART2_IRQHandler
                0x0000000008008244                FLASH_IRQHandler
                0x0000000008008244                USART1_IRQHandler
                0x0000000008008244                TIM1_BRK_UP_TRG_COM_IRQHandler
 *fill*         0x0000000008008246        0x2 
 .text.__libc_init_array
                0x0000000008008248       0x48 c:/st/stm32cubeide_1.0.1/stm32cubeide/plugins/com.st.stm32cube.ide.mcu.externaltools.gnu-tools-for-stm32.7-2018-q2-update.win32_1.0.0.201904181610/tools/bin/../lib/gcc/arm-none-eabi/7.3.1/../../../../arm-none-eabi/lib/thumb/v6-m\libc_nano.a(lib_a-init.o)
                0x0000000008008248                __libc_init_array
 .text.memcpy   0x0000000008008290       0x12 c:/st/stm32cubeide_1.0.1/stm32cubeide/plugins/com.st.stm32cube.ide.mcu.externaltools.gnu-tools-for-stm32.7-2018-q2-update.win32_1.0.0.201904181610/tools/bin/../lib/gcc/arm-none-eabi/7.3.1/../../../../arm-none-eabi/lib/thumb/v6-m\libc_nano.a(lib_a-memcpy-stub.o)
                0x0000000008008290                memcpy
 .text.memset   0x00000000080082a2       0x10 c:/st/stm32cubeide_1.0.1/stm32cubeide/plugins/com.st.stm32cube.ide.mcu.externaltools.gnu-tools-for-stm32.7-2018-q2-update.win32_1.0.0.201904181610/tools/bin/../lib/gcc/arm-none-eabi/7.3.1/../../../../arm-none-eabi/lib/thumb/v6-m\libc_nano.a(lib_a-memset.o)
                0x00000000080082a2                memset
 *(.glue_7)
 .glue_7        0x00000000080082b2        0x0 linker stubs
 *(.glue_7t)
 .glue_7t       0x00000000080082b2        0x0 linker stubs
 *(.eh_frame)
 *fill*         0x00000000080082b2        0x2 
 .eh_frame      0x00000000080082b4        0x0 c:/st/stm32cubeide_1.0.1/stm32cubeide/plugins/com.st.stm32cube.ide.mcu.externaltools.gnu-tools-for-stm32.7-2018-q2-update.win32_1.0.0.201904181610/tools/bin/../lib/gcc/arm-none-eabi/7.3.1/thumb/v6-m/crtbegin.o
 *(.init)
 .init          0x00000000080082b4        0x4 c:/st/stm32cubeide_1.0.1/stm32cubeide/plugins/com.st.stm32cube.ide.mcu.externaltools.gnu-tools-for-stm32.7-2018-q2-update.win32_1.0.0.201904181610/tools/bin/../lib/gcc/arm-none-eabi/7.3.1/thumb/v6-m/crti.o
                0x00000000080082b4                _init
 .init          0x00000000080082b8        0x8 c:/st/stm32cubeide_1.0.1/stm32cubeide/plugins/com.st.stm32cube.ide.mcu.externaltools.gnu-tools-for-stm32.7-2018-q2-update.win32_1.0.0.201904181610/tools/bin/../lib/gcc/arm-none-eabi/7.3.1/thumb/v6-m/crtn.o
 *(.fini)
 .fini          0x00000000080082c0        0x4 c:/st/stm32cubeide_1.0.1/stm32cubeide/plugins/com.st.stm32cube.ide.mcu.externaltools.gnu-tools-for-stm32.7-2018-q2-update.win32_1.0.0.201904181610/tools/bin/../lib/gcc/arm-none-eabi/7.3.1/thumb/v6-m/crti.o
                0x00000000080082c0                _fini
 .fini          0x00000000080082c4        0x8 c:/st/stm32cubeide_1.0.1/stm32cubeide/plugins/com.st.stm32cube.ide.mcu.externaltools.gnu-tools-for-stm32.7-2018-q2-update.win32_1.0.0.201904181610/tools/bin/../lib/gcc/arm-none-eabi/7.3.1/thumb/v6-m/crtn.o
                0x00000000080082cc                . = ALIGN (0x4)
                0x00000000080082cc                _etext = .

.vfp11_veneer   0x00000000080082cc        0x0
 .vfp11_veneer  0x00000000080082cc        0x0 linker stubs

.v4_bx          0x00000000080082cc        0x0
 .v4_bx         0x00000000080082cc        0x0 linker stubs

.iplt           0x00000000080082cc        0x0
 .iplt          0x00000000080082cc        0x0 c:/st/stm32cubeide_1.0.1/stm32cubeide/plugins/com.st.stm32cube.ide.mcu.externaltools.gnu-tools-for-stm32.7-2018-q2-update.win32_1.0.0.201904181610/tools/bin/../lib/gcc/arm-none-eabi/7.3.1/thumb/v6-m/crtbegin.o

.rodata         0x00000000080082cc      0x170
                0x00000000080082cc                . = ALIGN (0x4)
 *(.rodata)
 .rodata        0x00000000080082cc       0x20 Drivers/STM32F0xx_HAL_Driver/Src/stm32f0xx_hal_rcc.o
 .rodata        0x00000000080082ec       0x46 Src/usbd_desc.o
 *(.rodata*)
 *fill*         0x0000000008008332        0x2 
 .rodata.USBD_StdDevReq
                0x0000000008008334       0x28 Middlewares/ST/STM32_USB_Device_Library/Core/Src/usbd_ctlreq.o
 .rodata.USBD_GetDescriptor
                0x000000000800835c       0x38 Middlewares/ST/STM32_USB_Device_Library/Core/Src/usbd_ctlreq.o
 .rodata.AHBPrescTable
                0x0000000008008394       0x10 Src/system_stm32f0xx.o
                0x0000000008008394                AHBPrescTable
 .rodata.APBPrescTable
                0x00000000080083a4        0x8 Src/system_stm32f0xx.o
                0x00000000080083a4                APBPrescTable
 .rodata.CDC_Control_FS
                0x00000000080083ac       0x90 Src/usbd_cdc_if.o
                0x000000000800843c                . = ALIGN (0x4)

.rel.dyn        0x000000000800843c        0x0
 .rel.iplt      0x000000000800843c        0x0 c:/st/stm32cubeide_1.0.1/stm32cubeide/plugins/com.st.stm32cube.ide.mcu.externaltools.gnu-tools-for-stm32.7-2018-q2-update.win32_1.0.0.201904181610/tools/bin/../lib/gcc/arm-none-eabi/7.3.1/thumb/v6-m/crtbegin.o

.ARM.extab      0x000000000800843c        0x0
                0x000000000800843c                . = ALIGN (0x4)
 *(.ARM.extab* .gnu.linkonce.armextab.*)
                0x000000000800843c                . = ALIGN (0x4)

.ARM            0x000000000800843c        0x0
                0x000000000800843c                . = ALIGN (0x4)
                0x000000000800843c                __exidx_start = .
 *(.ARM.exidx*)
                0x000000000800843c                __exidx_end = .
                0x000000000800843c                . = ALIGN (0x4)

.preinit_array  0x000000000800843c        0x0
                0x000000000800843c                . = ALIGN (0x4)
                0x000000000800843c                PROVIDE (__preinit_array_start = .)
 *(.preinit_array*)
                0x000000000800843c                PROVIDE (__preinit_array_end = .)
                0x000000000800843c                . = ALIGN (0x4)

.init_array     0x000000000800843c        0x4
                0x000000000800843c                . = ALIGN (0x4)
                0x000000000800843c                PROVIDE (__init_array_start = .)
 *(SORT_BY_NAME(.init_array.*))
 *(.init_array*)
 .init_array    0x000000000800843c        0x4 c:/st/stm32cubeide_1.0.1/stm32cubeide/plugins/com.st.stm32cube.ide.mcu.externaltools.gnu-tools-for-stm32.7-2018-q2-update.win32_1.0.0.201904181610/tools/bin/../lib/gcc/arm-none-eabi/7.3.1/thumb/v6-m/crtbegin.o
                0x0000000008008440                PROVIDE (__init_array_end = .)
                0x0000000008008440                . = ALIGN (0x4)

.fini_array     0x0000000008008440        0x4
                0x0000000008008440                . = ALIGN (0x4)
                [!provide]                        PROVIDE (__fini_array_start = .)
 *(SORT_BY_NAME(.fini_array.*))
 *(.fini_array*)
 .fini_array    0x0000000008008440        0x4 c:/st/stm32cubeide_1.0.1/stm32cubeide/plugins/com.st.stm32cube.ide.mcu.externaltools.gnu-tools-for-stm32.7-2018-q2-update.win32_1.0.0.201904181610/tools/bin/../lib/gcc/arm-none-eabi/7.3.1/thumb/v6-m/crtbegin.o
                [!provide]                        PROVIDE (__fini_array_end = .)
                0x0000000008008444                . = ALIGN (0x4)
                0x0000000008008444                _sidata = LOADADDR (.data)

.data           0x0000000020000000      0x188 load address 0x0000000008008444
                0x0000000020000000                . = ALIGN (0x4)
                0x0000000020000000                _sdata = .
 *(.data)
 *(.data*)
 .data.USBD_CDC_DeviceQualifierDesc
                0x0000000020000000        0xa Middlewares/ST/STM32_USB_Device_Library/Class/CDC/Src/usbd_cdc.o
 *fill*         0x000000002000000a        0x2 
 .data.USBD_CDC
                0x000000002000000c       0x38 Middlewares/ST/STM32_USB_Device_Library/Class/CDC/Src/usbd_cdc.o
                0x000000002000000c                USBD_CDC
 .data.USBD_CDC_CfgHSDesc
                0x0000000020000044       0x43 Middlewares/ST/STM32_USB_Device_Library/Class/CDC/Src/usbd_cdc.o
                0x0000000020000044                USBD_CDC_CfgHSDesc
 *fill*         0x0000000020000087        0x1 
 .data.USBD_CDC_CfgFSDesc
                0x0000000020000088       0x43 Middlewares/ST/STM32_USB_Device_Library/Class/CDC/Src/usbd_cdc.o
                0x0000000020000088                USBD_CDC_CfgFSDesc
 *fill*         0x00000000200000cb        0x1 
 .data.USBD_CDC_OtherSpeedCfgDesc
                0x00000000200000cc       0x43 Middlewares/ST/STM32_USB_Device_Library/Class/CDC/Src/usbd_cdc.o
                0x00000000200000cc                USBD_CDC_OtherSpeedCfgDesc
 *fill*         0x000000002000010f        0x1 
 .data.encoded_command_byte_2
                0x0000000020000110        0xa Src/main.o
                0x0000000020000110                encoded_command_byte_2
 *fill*         0x000000002000011a        0x2 
 .data.SystemCoreClock
                0x000000002000011c        0x4 Src/system_stm32f0xx.o
                0x000000002000011c                SystemCoreClock
 .data.LineCoding
                0x0000000020000120        0x8 Src/usbd_cdc_if.o
                0x0000000020000120                LineCoding
 .data.USBD_Interface_fops_FS
                0x0000000020000128       0x10 Src/usbd_cdc_if.o
                0x0000000020000128                USBD_Interface_fops_FS
 .data.FS_Desc  0x0000000020000138       0x1c Src/usbd_desc.o
                0x0000000020000138                FS_Desc
 .data.USBD_FS_DeviceDesc
                0x0000000020000154       0x12 Src/usbd_desc.o
                0x0000000020000154                USBD_FS_DeviceDesc
 *fill*         0x0000000020000166        0x2 
 .data.USBD_LangIDDesc
                0x0000000020000168        0x4 Src/usbd_desc.o
                0x0000000020000168                USBD_LangIDDesc
 .data.USBD_StringSerial
                0x000000002000016c       0x1a Src/usbd_desc.o
                0x000000002000016c                USBD_StringSerial
                0x0000000020000188                . = ALIGN (0x4)
 *fill*         0x0000000020000186        0x2 
                0x0000000020000188                _edata = .

.igot.plt       0x0000000020000188        0x0 load address 0x00000000080085cc
 .igot.plt      0x0000000020000188        0x0 c:/st/stm32cubeide_1.0.1/stm32cubeide/plugins/com.st.stm32cube.ide.mcu.externaltools.gnu-tools-for-stm32.7-2018-q2-update.win32_1.0.0.201904181610/tools/bin/../lib/gcc/arm-none-eabi/7.3.1/thumb/v6-m/crtbegin.o
                0x0000000020000188                . = ALIGN (0x4)

.bss            0x0000000020000188     0x11f0 load address 0x00000000080085cc
                0x0000000020000188                _sbss = .
                0x0000000020000188                __bss_start__ = _sbss
 *(.bss)
 .bss           0x0000000020000188       0x1c c:/st/stm32cubeide_1.0.1/stm32cubeide/plugins/com.st.stm32cube.ide.mcu.externaltools.gnu-tools-for-stm32.7-2018-q2-update.win32_1.0.0.201904181610/tools/bin/../lib/gcc/arm-none-eabi/7.3.1/thumb/v6-m/crtbegin.o
 *(.bss*)
 .bss.ifalt.8177
                0x00000000200001a4        0x1 Middlewares/ST/STM32_USB_Device_Library/Class/CDC/Src/usbd_cdc.o
 .bss.cfgidx.8182
                0x00000000200001a5        0x1 Middlewares/ST/STM32_USB_Device_Library/Core/Src/usbd_ctlreq.o
 *fill*         0x00000000200001a6        0x2 
 .bss.mem.8269  0x00000000200001a8      0x220 Src/usbd_conf.o
 *(COMMON)
 COMMON         0x00000000200003c8        0x4 Drivers/STM32F0xx_HAL_Driver/Src/stm32f0xx_hal.o
                0x00000000200003c8                uwTick
 COMMON         0x00000000200003cc      0x198 Src/main.o
                0x00000000200003cc                timer14_counter
                0x00000000200003d0                hi2c1
                0x000000002000041c                timer7_counter
                0x0000000020000420                transmit_inputs
                0x0000000020000424                htim6
                0x0000000020000464                timer6_counter
                0x0000000020000468                data_available
                0x000000002000046a                inputs_read
                0x000000002000046c                is_USB_Connected
                0x0000000020000470                huart2
                0x00000000200004e0                htim14
                0x0000000020000520                htim7
                0x0000000020000560                data_buffer
 COMMON         0x0000000020000564      0x224 Src/usb_device.o
                0x0000000020000564                hUsbDeviceFS
 COMMON         0x0000000020000788      0x7d0 Src/usbd_cdc_if.o
                0x0000000020000788                UserRxBufferFS
                0x0000000020000b70                UserTxBufferFS
 COMMON         0x0000000020000f58      0x220 Src/usbd_conf.o
                0x0000000020000f58                hpcd_USB_FS
 COMMON         0x0000000020001178      0x200 Src/usbd_desc.o
                0x0000000020001178                USBD_StrDesc
                0x0000000020001378                . = ALIGN (0x4)
                0x0000000020001378                _ebss = .
                0x0000000020001378                __bss_end__ = _ebss

._user_heap_stack
                0x0000000020001378      0xe00 load address 0x00000000080085cc
                0x0000000020001378                . = ALIGN (0x8)
                0x0000000020001378                PROVIDE (end = .)
                [!provide]                        PROVIDE (_end = .)
                0x0000000020001b78                . = (. + _Min_Heap_Size)
 *fill*         0x0000000020001378      0x800 
                0x0000000020002178                . = (. + _Min_Stack_Size)
 *fill*         0x0000000020001b78      0x600 
                0x0000000020002178                . = ALIGN (0x8)

/DISCARD/
 libc.a(*)
 libm.a(*)
 libgcc.a(*)

.ARM.attributes
                0x0000000000000000       0x28
 *(.ARM.attributes)
 .ARM.attributes
                0x0000000000000000       0x1e c:/st/stm32cubeide_1.0.1/stm32cubeide/plugins/com.st.stm32cube.ide.mcu.externaltools.gnu-tools-for-stm32.7-2018-q2-update.win32_1.0.0.201904181610/tools/bin/../lib/gcc/arm-none-eabi/7.3.1/thumb/v6-m/crti.o
 .ARM.attributes
                0x000000000000001e       0x2c c:/st/stm32cubeide_1.0.1/stm32cubeide/plugins/com.st.stm32cube.ide.mcu.externaltools.gnu-tools-for-stm32.7-2018-q2-update.win32_1.0.0.201904181610/tools/bin/../lib/gcc/arm-none-eabi/7.3.1/thumb/v6-m/crtbegin.o
 .ARM.attributes
                0x000000000000004a       0x31 Drivers/STM32F0xx_HAL_Driver/Src/stm32f0xx_hal.o
 .ARM.attributes
                0x000000000000007b       0x31 Drivers/STM32F0xx_HAL_Driver/Src/stm32f0xx_hal_cortex.o
 .ARM.attributes
                0x00000000000000ac       0x31 Drivers/STM32F0xx_HAL_Driver/Src/stm32f0xx_hal_gpio.o
 .ARM.attributes
                0x00000000000000dd       0x31 Drivers/STM32F0xx_HAL_Driver/Src/stm32f0xx_hal_i2c.o
 .ARM.attributes
                0x000000000000010e       0x31 Drivers/STM32F0xx_HAL_Driver/Src/stm32f0xx_hal_i2c_ex.o
 .ARM.attributes
                0x000000000000013f       0x31 Drivers/STM32F0xx_HAL_Driver/Src/stm32f0xx_hal_pcd.o
 .ARM.attributes
                0x0000000000000170       0x31 Drivers/STM32F0xx_HAL_Driver/Src/stm32f0xx_hal_pcd_ex.o
 .ARM.attributes
                0x00000000000001a1       0x31 Drivers/STM32F0xx_HAL_Driver/Src/stm32f0xx_hal_rcc.o
 .ARM.attributes
                0x00000000000001d2       0x31 Drivers/STM32F0xx_HAL_Driver/Src/stm32f0xx_hal_rcc_ex.o
 .ARM.attributes
                0x0000000000000203       0x31 Drivers/STM32F0xx_HAL_Driver/Src/stm32f0xx_hal_tim.o
 .ARM.attributes
                0x0000000000000234       0x31 Drivers/STM32F0xx_HAL_Driver/Src/stm32f0xx_hal_tim_ex.o
 .ARM.attributes
                0x0000000000000265       0x31 Drivers/STM32F0xx_HAL_Driver/Src/stm32f0xx_hal_uart.o
 .ARM.attributes
                0x0000000000000296       0x31 Middlewares/ST/STM32_USB_Device_Library/Class/CDC/Src/usbd_cdc.o
 .ARM.attributes
                0x00000000000002c7       0x31 Middlewares/ST/STM32_USB_Device_Library/Core/Src/usbd_core.o
 .ARM.attributes
                0x00000000000002f8       0x31 Middlewares/ST/STM32_USB_Device_Library/Core/Src/usbd_ctlreq.o
 .ARM.attributes
                0x0000000000000329       0x31 Middlewares/ST/STM32_USB_Device_Library/Core/Src/usbd_ioreq.o
 .ARM.attributes
                0x000000000000035a       0x31 Src/i2c_comm.o
 .ARM.attributes
                0x000000000000038b       0x31 Src/main.o
 .ARM.attributes
                0x00000000000003bc       0x31 Src/stm32f0xx_hal_msp.o
 .ARM.attributes
                0x00000000000003ed       0x31 Src/stm32f0xx_it.o
 .ARM.attributes
                0x000000000000041e       0x31 Src/system_stm32f0xx.o
 .ARM.attributes
                0x000000000000044f       0x31 Src/usb_device.o
 .ARM.attributes
                0x0000000000000480       0x31 Src/usbd_cdc_if.o
 .ARM.attributes
                0x00000000000004b1       0x31 Src/usbd_conf.o
 .ARM.attributes
                0x00000000000004e2       0x31 Src/usbd_desc.o
 .ARM.attributes
                0x0000000000000513       0x21 Startup/startup_stm32f072rbtx.o
 .ARM.attributes
                0x0000000000000534       0x2c c:/st/stm32cubeide_1.0.1/stm32cubeide/plugins/com.st.stm32cube.ide.mcu.externaltools.gnu-tools-for-stm32.7-2018-q2-update.win32_1.0.0.201904181610/tools/bin/../lib/gcc/arm-none-eabi/7.3.1/../../../../arm-none-eabi/lib/thumb/v6-m\libc_nano.a(lib_a-init.o)
 .ARM.attributes
                0x0000000000000560       0x2c c:/st/stm32cubeide_1.0.1/stm32cubeide/plugins/com.st.stm32cube.ide.mcu.externaltools.gnu-tools-for-stm32.7-2018-q2-update.win32_1.0.0.201904181610/tools/bin/../lib/gcc/arm-none-eabi/7.3.1/../../../../arm-none-eabi/lib/thumb/v6-m\libc_nano.a(lib_a-memcpy-stub.o)
 .ARM.attributes
                0x000000000000058c       0x2c c:/st/stm32cubeide_1.0.1/stm32cubeide/plugins/com.st.stm32cube.ide.mcu.externaltools.gnu-tools-for-stm32.7-2018-q2-update.win32_1.0.0.201904181610/tools/bin/../lib/gcc/arm-none-eabi/7.3.1/../../../../arm-none-eabi/lib/thumb/v6-m\libc_nano.a(lib_a-memset.o)
 .ARM.attributes
                0x00000000000005b8       0x1e c:/st/stm32cubeide_1.0.1/stm32cubeide/plugins/com.st.stm32cube.ide.mcu.externaltools.gnu-tools-for-stm32.7-2018-q2-update.win32_1.0.0.201904181610/tools/bin/../lib/gcc/arm-none-eabi/7.3.1/thumb/v6-m\libgcc.a(_udivsi3.o)
 .ARM.attributes
                0x00000000000005d6       0x1e c:/st/stm32cubeide_1.0.1/stm32cubeide/plugins/com.st.stm32cube.ide.mcu.externaltools.gnu-tools-for-stm32.7-2018-q2-update.win32_1.0.0.201904181610/tools/bin/../lib/gcc/arm-none-eabi/7.3.1/thumb/v6-m\libgcc.a(_dvmd_tls.o)
 .ARM.attributes
                0x00000000000005f4       0x1e c:/st/stm32cubeide_1.0.1/stm32cubeide/plugins/com.st.stm32cube.ide.mcu.externaltools.gnu-tools-for-stm32.7-2018-q2-update.win32_1.0.0.201904181610/tools/bin/../lib/gcc/arm-none-eabi/7.3.1/thumb/v6-m/crtn.o
OUTPUT(USB_I2C_Test_1.elf elf32-littlearm)

.debug_info     0x0000000000000000    0x1f398
 .debug_info    0x0000000000000000      0xdf3 Drivers/STM32F0xx_HAL_Driver/Src/stm32f0xx_hal.o
 .debug_info    0x0000000000000df3      0xf39 Drivers/STM32F0xx_HAL_Driver/Src/stm32f0xx_hal_cortex.o
 .debug_info    0x0000000000001d2c      0xe52 Drivers/STM32F0xx_HAL_Driver/Src/stm32f0xx_hal_gpio.o
 .debug_info    0x0000000000002b7e     0x23b3 Drivers/STM32F0xx_HAL_Driver/Src/stm32f0xx_hal_i2c.o
 .debug_info    0x0000000000004f31     0x1084 Drivers/STM32F0xx_HAL_Driver/Src/stm32f0xx_hal_i2c_ex.o
 .debug_info    0x0000000000005fb5     0x1952 Drivers/STM32F0xx_HAL_Driver/Src/stm32f0xx_hal_pcd.o
 .debug_info    0x0000000000007907      0xda8 Drivers/STM32F0xx_HAL_Driver/Src/stm32f0xx_hal_pcd_ex.o
 .debug_info    0x00000000000086af      0xfa8 Drivers/STM32F0xx_HAL_Driver/Src/stm32f0xx_hal_rcc.o
 .debug_info    0x0000000000009657      0xe34 Drivers/STM32F0xx_HAL_Driver/Src/stm32f0xx_hal_rcc_ex.o
 .debug_info    0x000000000000a48b     0x2a96 Drivers/STM32F0xx_HAL_Driver/Src/stm32f0xx_hal_tim.o
 .debug_info    0x000000000000cf21     0x1842 Drivers/STM32F0xx_HAL_Driver/Src/stm32f0xx_hal_tim_ex.o
 .debug_info    0x000000000000e763     0x1b58 Drivers/STM32F0xx_HAL_Driver/Src/stm32f0xx_hal_uart.o
 .debug_info    0x00000000000102bb     0x12a4 Middlewares/ST/STM32_USB_Device_Library/Class/CDC/Src/usbd_cdc.o
 .debug_info    0x000000000001155f     0x1142 Middlewares/ST/STM32_USB_Device_Library/Core/Src/usbd_core.o
 .debug_info    0x00000000000126a1     0x10a3 Middlewares/ST/STM32_USB_Device_Library/Core/Src/usbd_ctlreq.o
 .debug_info    0x0000000000013744      0xea3 Middlewares/ST/STM32_USB_Device_Library/Core/Src/usbd_ioreq.o
 .debug_info    0x00000000000145e7     0x111d Src/i2c_comm.o
 .debug_info    0x0000000000015704     0x2178 Src/main.o
 .debug_info    0x000000000001787c     0x1828 Src/stm32f0xx_hal_msp.o
 .debug_info    0x00000000000190a4     0x1253 Src/stm32f0xx_it.o
 .debug_info    0x000000000001a2f7      0xa60 Src/system_stm32f0xx.o
 .debug_info    0x000000000001ad57      0xdeb Src/usb_device.o
 .debug_info    0x000000000001bb42     0x1026 Src/usbd_cdc_if.o
 .debug_info    0x000000000001cb68     0x1b75 Src/usbd_conf.o
 .debug_info    0x000000000001e6dd      0xc99 Src/usbd_desc.o
 .debug_info    0x000000000001f376       0x22 Startup/startup_stm32f072rbtx.o

.debug_abbrev   0x0000000000000000     0x3baa
 .debug_abbrev  0x0000000000000000      0x26b Drivers/STM32F0xx_HAL_Driver/Src/stm32f0xx_hal.o
 .debug_abbrev  0x000000000000026b      0x314 Drivers/STM32F0xx_HAL_Driver/Src/stm32f0xx_hal_cortex.o
 .debug_abbrev  0x000000000000057f      0x251 Drivers/STM32F0xx_HAL_Driver/Src/stm32f0xx_hal_gpio.o
 .debug_abbrev  0x00000000000007d0      0x2aa Drivers/STM32F0xx_HAL_Driver/Src/stm32f0xx_hal_i2c.o
 .debug_abbrev  0x0000000000000a7a      0x21f Drivers/STM32F0xx_HAL_Driver/Src/stm32f0xx_hal_i2c_ex.o
 .debug_abbrev  0x0000000000000c99      0x2ea Drivers/STM32F0xx_HAL_Driver/Src/stm32f0xx_hal_pcd.o
 .debug_abbrev  0x0000000000000f83      0x1d1 Drivers/STM32F0xx_HAL_Driver/Src/stm32f0xx_hal_pcd_ex.o
 .debug_abbrev  0x0000000000001154      0x286 Drivers/STM32F0xx_HAL_Driver/Src/stm32f0xx_hal_rcc.o
 .debug_abbrev  0x00000000000013da      0x25a Drivers/STM32F0xx_HAL_Driver/Src/stm32f0xx_hal_rcc_ex.o
 .debug_abbrev  0x0000000000001634      0x2b2 Drivers/STM32F0xx_HAL_Driver/Src/stm32f0xx_hal_tim.o
 .debug_abbrev  0x00000000000018e6      0x28f Drivers/STM32F0xx_HAL_Driver/Src/stm32f0xx_hal_tim_ex.o
 .debug_abbrev  0x0000000000001b75      0x276 Drivers/STM32F0xx_HAL_Driver/Src/stm32f0xx_hal_uart.o
 .debug_abbrev  0x0000000000001deb      0x29a Middlewares/ST/STM32_USB_Device_Library/Class/CDC/Src/usbd_cdc.o
 .debug_abbrev  0x0000000000002085      0x25a Middlewares/ST/STM32_USB_Device_Library/Core/Src/usbd_core.o
 .debug_abbrev  0x00000000000022df      0x28a Middlewares/ST/STM32_USB_Device_Library/Core/Src/usbd_ctlreq.o
 .debug_abbrev  0x0000000000002569      0x1ca Middlewares/ST/STM32_USB_Device_Library/Core/Src/usbd_ioreq.o
 .debug_abbrev  0x0000000000002733      0x216 Src/i2c_comm.o
 .debug_abbrev  0x0000000000002949      0x2e1 Src/main.o
 .debug_abbrev  0x0000000000002c2a      0x240 Src/stm32f0xx_hal_msp.o
 .debug_abbrev  0x0000000000002e6a      0x1d8 Src/stm32f0xx_it.o
 .debug_abbrev  0x0000000000003042      0x1cd Src/system_stm32f0xx.o
 .debug_abbrev  0x000000000000320f      0x1a8 Src/usb_device.o
 .debug_abbrev  0x00000000000033b7      0x276 Src/usbd_cdc_if.o
 .debug_abbrev  0x000000000000362d      0x2e2 Src/usbd_conf.o
 .debug_abbrev  0x000000000000390f      0x289 Src/usbd_desc.o
 .debug_abbrev  0x0000000000003b98       0x12 Startup/startup_stm32f072rbtx.o

.debug_aranges  0x0000000000000000     0x1370
 .debug_aranges
                0x0000000000000000       0xb8 Drivers/STM32F0xx_HAL_Driver/Src/stm32f0xx_hal.o
 .debug_aranges
                0x00000000000000b8       0xc0 Drivers/STM32F0xx_HAL_Driver/Src/stm32f0xx_hal_cortex.o
 .debug_aranges
                0x0000000000000178       0x58 Drivers/STM32F0xx_HAL_Driver/Src/stm32f0xx_hal_gpio.o
 .debug_aranges
                0x00000000000001d0      0x260 Drivers/STM32F0xx_HAL_Driver/Src/stm32f0xx_hal_i2c.o
 .debug_aranges
                0x0000000000000430       0x48 Drivers/STM32F0xx_HAL_Driver/Src/stm32f0xx_hal_i2c_ex.o
 .debug_aranges
                0x0000000000000478      0x130 Drivers/STM32F0xx_HAL_Driver/Src/stm32f0xx_hal_pcd.o
 .debug_aranges
                0x00000000000005a8       0x20 Drivers/STM32F0xx_HAL_Driver/Src/stm32f0xx_hal_pcd_ex.o
 .debug_aranges
                0x00000000000005c8       0x80 Drivers/STM32F0xx_HAL_Driver/Src/stm32f0xx_hal_rcc.o
 .debug_aranges
                0x0000000000000648       0x78 Drivers/STM32F0xx_HAL_Driver/Src/stm32f0xx_hal_rcc_ex.o
 .debug_aranges
                0x00000000000006c0      0x378 Drivers/STM32F0xx_HAL_Driver/Src/stm32f0xx_hal_tim.o
 .debug_aranges
                0x0000000000000a38      0x148 Drivers/STM32F0xx_HAL_Driver/Src/stm32f0xx_hal_tim_ex.o
 .debug_aranges
                0x0000000000000b80      0x1d8 Drivers/STM32F0xx_HAL_Driver/Src/stm32f0xx_hal_uart.o
 .debug_aranges
                0x0000000000000d58       0x90 Middlewares/ST/STM32_USB_Device_Library/Class/CDC/Src/usbd_cdc.o
 .debug_aranges
                0x0000000000000de8       0xb8 Middlewares/ST/STM32_USB_Device_Library/Core/Src/usbd_core.o
 .debug_aranges
                0x0000000000000ea0       0x88 Middlewares/ST/STM32_USB_Device_Library/Core/Src/usbd_ctlreq.o
 .debug_aranges
                0x0000000000000f28       0x50 Middlewares/ST/STM32_USB_Device_Library/Core/Src/usbd_ioreq.o
 .debug_aranges
                0x0000000000000f78       0x70 Src/i2c_comm.o
 .debug_aranges
                0x0000000000000fe8       0xa0 Src/main.o
 .debug_aranges
                0x0000000000001088       0x50 Src/stm32f0xx_hal_msp.o
 .debug_aranges
                0x00000000000010d8       0x70 Src/stm32f0xx_it.o
 .debug_aranges
                0x0000000000001148       0x28 Src/system_stm32f0xx.o
 .debug_aranges
                0x0000000000001170       0x20 Src/usb_device.o
 .debug_aranges
                0x0000000000001190       0x40 Src/usbd_cdc_if.o
 .debug_aranges
                0x00000000000011d0      0x118 Src/usbd_conf.o
 .debug_aranges
                0x00000000000012e8       0x60 Src/usbd_desc.o
 .debug_aranges
                0x0000000000001348       0x28 Startup/startup_stm32f072rbtx.o

.debug_ranges   0x0000000000000000     0x11d8
 .debug_ranges  0x0000000000000000       0xa8 Drivers/STM32F0xx_HAL_Driver/Src/stm32f0xx_hal.o
 .debug_ranges  0x00000000000000a8       0xb0 Drivers/STM32F0xx_HAL_Driver/Src/stm32f0xx_hal_cortex.o
 .debug_ranges  0x0000000000000158       0x48 Drivers/STM32F0xx_HAL_Driver/Src/stm32f0xx_hal_gpio.o
 .debug_ranges  0x00000000000001a0      0x250 Drivers/STM32F0xx_HAL_Driver/Src/stm32f0xx_hal_i2c.o
 .debug_ranges  0x00000000000003f0       0x38 Drivers/STM32F0xx_HAL_Driver/Src/stm32f0xx_hal_i2c_ex.o
 .debug_ranges  0x0000000000000428      0x120 Drivers/STM32F0xx_HAL_Driver/Src/stm32f0xx_hal_pcd.o
 .debug_ranges  0x0000000000000548       0x10 Drivers/STM32F0xx_HAL_Driver/Src/stm32f0xx_hal_pcd_ex.o
 .debug_ranges  0x0000000000000558       0x70 Drivers/STM32F0xx_HAL_Driver/Src/stm32f0xx_hal_rcc.o
 .debug_ranges  0x00000000000005c8       0x68 Drivers/STM32F0xx_HAL_Driver/Src/stm32f0xx_hal_rcc_ex.o
 .debug_ranges  0x0000000000000630      0x368 Drivers/STM32F0xx_HAL_Driver/Src/stm32f0xx_hal_tim.o
 .debug_ranges  0x0000000000000998      0x138 Drivers/STM32F0xx_HAL_Driver/Src/stm32f0xx_hal_tim_ex.o
 .debug_ranges  0x0000000000000ad0      0x1c8 Drivers/STM32F0xx_HAL_Driver/Src/stm32f0xx_hal_uart.o
 .debug_ranges  0x0000000000000c98       0x80 Middlewares/ST/STM32_USB_Device_Library/Class/CDC/Src/usbd_cdc.o
 .debug_ranges  0x0000000000000d18       0xa8 Middlewares/ST/STM32_USB_Device_Library/Core/Src/usbd_core.o
 .debug_ranges  0x0000000000000dc0       0x78 Middlewares/ST/STM32_USB_Device_Library/Core/Src/usbd_ctlreq.o
 .debug_ranges  0x0000000000000e38       0x40 Middlewares/ST/STM32_USB_Device_Library/Core/Src/usbd_ioreq.o
 .debug_ranges  0x0000000000000e78       0x60 Src/i2c_comm.o
 .debug_ranges  0x0000000000000ed8       0x90 Src/main.o
 .debug_ranges  0x0000000000000f68       0x40 Src/stm32f0xx_hal_msp.o
 .debug_ranges  0x0000000000000fa8       0x60 Src/stm32f0xx_it.o
 .debug_ranges  0x0000000000001008       0x18 Src/system_stm32f0xx.o
 .debug_ranges  0x0000000000001020       0x10 Src/usb_device.o
 .debug_ranges  0x0000000000001030       0x30 Src/usbd_cdc_if.o
 .debug_ranges  0x0000000000001060      0x108 Src/usbd_conf.o
 .debug_ranges  0x0000000000001168       0x50 Src/usbd_desc.o
 .debug_ranges  0x00000000000011b8       0x20 Startup/startup_stm32f072rbtx.o

.debug_macro    0x0000000000000000    0x1acd2
 .debug_macro   0x0000000000000000      0x346 Drivers/STM32F0xx_HAL_Driver/Src/stm32f0xx_hal.o
 .debug_macro   0x0000000000000346      0xa48 Drivers/STM32F0xx_HAL_Driver/Src/stm32f0xx_hal.o
 .debug_macro   0x0000000000000d8e       0xb7 Drivers/STM32F0xx_HAL_Driver/Src/stm32f0xx_hal.o
 .debug_macro   0x0000000000000e45       0x2e Drivers/STM32F0xx_HAL_Driver/Src/stm32f0xx_hal.o
 .debug_macro   0x0000000000000e73       0x22 Drivers/STM32F0xx_HAL_Driver/Src/stm32f0xx_hal.o
 .debug_macro   0x0000000000000e95       0x22 Drivers/STM32F0xx_HAL_Driver/Src/stm32f0xx_hal.o
 .debug_macro   0x0000000000000eb7       0x8e Drivers/STM32F0xx_HAL_Driver/Src/stm32f0xx_hal.o
 .debug_macro   0x0000000000000f45       0x51 Drivers/STM32F0xx_HAL_Driver/Src/stm32f0xx_hal.o
 .debug_macro   0x0000000000000f96       0xef Drivers/STM32F0xx_HAL_Driver/Src/stm32f0xx_hal.o
 .debug_macro   0x0000000000001085       0x6a Drivers/STM32F0xx_HAL_Driver/Src/stm32f0xx_hal.o
 .debug_macro   0x00000000000010ef      0x1df Drivers/STM32F0xx_HAL_Driver/Src/stm32f0xx_hal.o
 .debug_macro   0x00000000000012ce       0x34 Drivers/STM32F0xx_HAL_Driver/Src/stm32f0xx_hal.o
 .debug_macro   0x0000000000001302       0x26 Drivers/STM32F0xx_HAL_Driver/Src/stm32f0xx_hal.o
 .debug_macro   0x0000000000001328      0x30d Drivers/STM32F0xx_HAL_Driver/Src/stm32f0xx_hal.o
 .debug_macro   0x0000000000001635     0xfe50 Drivers/STM32F0xx_HAL_Driver/Src/stm32f0xx_hal.o
 .debug_macro   0x0000000000011485       0x3c Drivers/STM32F0xx_HAL_Driver/Src/stm32f0xx_hal.o
 .debug_macro   0x00000000000114c1       0x46 Drivers/STM32F0xx_HAL_Driver/Src/stm32f0xx_hal.o
 .debug_macro   0x0000000000011507       0x18 Drivers/STM32F0xx_HAL_Driver/Src/stm32f0xx_hal.o
 .debug_macro   0x000000000001151f       0x3c Drivers/STM32F0xx_HAL_Driver/Src/stm32f0xx_hal.o
 .debug_macro   0x000000000001155b       0x34 Drivers/STM32F0xx_HAL_Driver/Src/stm32f0xx_hal.o
 .debug_macro   0x000000000001158f       0x16 Drivers/STM32F0xx_HAL_Driver/Src/stm32f0xx_hal.o
 .debug_macro   0x00000000000115a5       0x97 Drivers/STM32F0xx_HAL_Driver/Src/stm32f0xx_hal.o
 .debug_macro   0x000000000001163c      0x330 Drivers/STM32F0xx_HAL_Driver/Src/stm32f0xx_hal.o
 .debug_macro   0x000000000001196c       0xfd Drivers/STM32F0xx_HAL_Driver/Src/stm32f0xx_hal.o
 .debug_macro   0x0000000000011a69       0x10 Drivers/STM32F0xx_HAL_Driver/Src/stm32f0xx_hal.o
 .debug_macro   0x0000000000011a79       0x52 Drivers/STM32F0xx_HAL_Driver/Src/stm32f0xx_hal.o
 .debug_macro   0x0000000000011acb       0x1f Drivers/STM32F0xx_HAL_Driver/Src/stm32f0xx_hal.o
 .debug_macro   0x0000000000011aea       0x43 Drivers/STM32F0xx_HAL_Driver/Src/stm32f0xx_hal.o
 .debug_macro   0x0000000000011b2d       0x20 Drivers/STM32F0xx_HAL_Driver/Src/stm32f0xx_hal.o
 .debug_macro   0x0000000000011b4d      0x1a3 Drivers/STM32F0xx_HAL_Driver/Src/stm32f0xx_hal.o
 .debug_macro   0x0000000000011cf0       0x10 Drivers/STM32F0xx_HAL_Driver/Src/stm32f0xx_hal.o
 .debug_macro   0x0000000000011d00       0x1c Drivers/STM32F0xx_HAL_Driver/Src/stm32f0xx_hal.o
 .debug_macro   0x0000000000011d1c       0x52 Drivers/STM32F0xx_HAL_Driver/Src/stm32f0xx_hal.o
 .debug_macro   0x0000000000011d6e       0x40 Drivers/STM32F0xx_HAL_Driver/Src/stm32f0xx_hal.o
 .debug_macro   0x0000000000011dae       0x10 Drivers/STM32F0xx_HAL_Driver/Src/stm32f0xx_hal.o
 .debug_macro   0x0000000000011dbe       0x40 Drivers/STM32F0xx_HAL_Driver/Src/stm32f0xx_hal.o
 .debug_macro   0x0000000000011dfe       0xd7 Drivers/STM32F0xx_HAL_Driver/Src/stm32f0xx_hal.o
 .debug_macro   0x0000000000011ed5       0x1c Drivers/STM32F0xx_HAL_Driver/Src/stm32f0xx_hal.o
 .debug_macro   0x0000000000011ef1       0x3d Drivers/STM32F0xx_HAL_Driver/Src/stm32f0xx_hal.o
 .debug_macro   0x0000000000011f2e       0x16 Drivers/STM32F0xx_HAL_Driver/Src/stm32f0xx_hal.o
 .debug_macro   0x0000000000011f44      0x145 Drivers/STM32F0xx_HAL_Driver/Src/stm32f0xx_hal.o
 .debug_macro   0x0000000000012089       0x50 Drivers/STM32F0xx_HAL_Driver/Src/stm32f0xx_hal.o
 .debug_macro   0x00000000000120d9      0x951 Drivers/STM32F0xx_HAL_Driver/Src/stm32f0xx_hal.o
 .debug_macro   0x0000000000012a2a      0x5f3 Drivers/STM32F0xx_HAL_Driver/Src/stm32f0xx_hal.o
 .debug_macro   0x000000000001301d      0x13a Drivers/STM32F0xx_HAL_Driver/Src/stm32f0xx_hal.o
 .debug_macro   0x0000000000013157      0x1a7 Drivers/STM32F0xx_HAL_Driver/Src/stm32f0xx_hal.o
 .debug_macro   0x00000000000132fe      0x22c Drivers/STM32F0xx_HAL_Driver/Src/stm32f0xx_hal.o
 .debug_macro   0x000000000001352a       0x34 Drivers/STM32F0xx_HAL_Driver/Src/stm32f0xx_hal.o
 .debug_macro   0x000000000001355e       0x43 Drivers/STM32F0xx_HAL_Driver/Src/stm32f0xx_hal.o
 .debug_macro   0x00000000000135a1       0x28 Drivers/STM32F0xx_HAL_Driver/Src/stm32f0xx_hal.o
 .debug_macro   0x00000000000135c9       0xb6 Drivers/STM32F0xx_HAL_Driver/Src/stm32f0xx_hal.o
 .debug_macro   0x000000000001367f      0x217 Drivers/STM32F0xx_HAL_Driver/Src/stm32f0xx_hal.o
 .debug_macro   0x0000000000013896      0x202 Drivers/STM32F0xx_HAL_Driver/Src/stm32f0xx_hal.o
 .debug_macro   0x0000000000013a98       0x61 Drivers/STM32F0xx_HAL_Driver/Src/stm32f0xx_hal.o
 .debug_macro   0x0000000000013af9       0x90 Drivers/STM32F0xx_HAL_Driver/Src/stm32f0xx_hal.o
 .debug_macro   0x0000000000013b89      0x265 Drivers/STM32F0xx_HAL_Driver/Src/stm32f0xx_hal.o
 .debug_macro   0x0000000000013dee       0x4d Drivers/STM32F0xx_HAL_Driver/Src/stm32f0xx_hal.o
 .debug_macro   0x0000000000013e3b      0x16d Drivers/STM32F0xx_HAL_Driver/Src/stm32f0xx_hal.o
 .debug_macro   0x0000000000013fa8      0x845 Drivers/STM32F0xx_HAL_Driver/Src/stm32f0xx_hal.o
 .debug_macro   0x00000000000147ed       0x4c Drivers/STM32F0xx_HAL_Driver/Src/stm32f0xx_hal.o
 .debug_macro   0x0000000000014839      0x38a Drivers/STM32F0xx_HAL_Driver/Src/stm32f0xx_hal.o
 .debug_macro   0x0000000000014bc3      0x209 Drivers/STM32F0xx_HAL_Driver/Src/stm32f0xx_hal.o
 .debug_macro   0x0000000000014dcc      0x129 Drivers/STM32F0xx_HAL_Driver/Src/stm32f0xx_hal.o
 .debug_macro   0x0000000000014ef5      0x322 Drivers/STM32F0xx_HAL_Driver/Src/stm32f0xx_hal_cortex.o
 .debug_macro   0x0000000000015217      0x35a Drivers/STM32F0xx_HAL_Driver/Src/stm32f0xx_hal_gpio.o
 .debug_macro   0x0000000000015571      0x3ee Drivers/STM32F0xx_HAL_Driver/Src/stm32f0xx_hal_i2c.o
 .debug_macro   0x000000000001595f      0x322 Drivers/STM32F0xx_HAL_Driver/Src/stm32f0xx_hal_i2c_ex.o
 .debug_macro   0x0000000000015c81      0x328 Drivers/STM32F0xx_HAL_Driver/Src/stm32f0xx_hal_pcd.o
 .debug_macro   0x0000000000015fa9      0x322 Drivers/STM32F0xx_HAL_Driver/Src/stm32f0xx_hal_pcd_ex.o
 .debug_macro   0x00000000000162cb      0x334 Drivers/STM32F0xx_HAL_Driver/Src/stm32f0xx_hal_rcc.o
 .debug_macro   0x00000000000165ff      0x334 Drivers/STM32F0xx_HAL_Driver/Src/stm32f0xx_hal_rcc_ex.o
 .debug_macro   0x0000000000016933      0x322 Drivers/STM32F0xx_HAL_Driver/Src/stm32f0xx_hal_tim.o
 .debug_macro   0x0000000000016c55      0x322 Drivers/STM32F0xx_HAL_Driver/Src/stm32f0xx_hal_tim_ex.o
 .debug_macro   0x0000000000016f77      0x32a Drivers/STM32F0xx_HAL_Driver/Src/stm32f0xx_hal_uart.o
 .debug_macro   0x00000000000172a1      0x3fb Middlewares/ST/STM32_USB_Device_Library/Class/CDC/Src/usbd_cdc.o
 .debug_macro   0x000000000001769c       0x40 Middlewares/ST/STM32_USB_Device_Library/Class/CDC/Src/usbd_cdc.o
 .debug_macro   0x00000000000176dc       0x94 Middlewares/ST/STM32_USB_Device_Library/Class/CDC/Src/usbd_cdc.o
 .debug_macro   0x0000000000017770       0x57 Middlewares/ST/STM32_USB_Device_Library/Class/CDC/Src/usbd_cdc.o
 .debug_macro   0x00000000000177c7       0x16 Middlewares/ST/STM32_USB_Device_Library/Class/CDC/Src/usbd_cdc.o
 .debug_macro   0x00000000000177dd       0x35 Middlewares/ST/STM32_USB_Device_Library/Class/CDC/Src/usbd_cdc.o
 .debug_macro   0x0000000000017812       0x16 Middlewares/ST/STM32_USB_Device_Library/Class/CDC/Src/usbd_cdc.o
 .debug_macro   0x0000000000017828       0x29 Middlewares/ST/STM32_USB_Device_Library/Class/CDC/Src/usbd_cdc.o
 .debug_macro   0x0000000000017851       0x16 Middlewares/ST/STM32_USB_Device_Library/Class/CDC/Src/usbd_cdc.o
 .debug_macro   0x0000000000017867       0x20 Middlewares/ST/STM32_USB_Device_Library/Class/CDC/Src/usbd_cdc.o
 .debug_macro   0x0000000000017887       0xe8 Middlewares/ST/STM32_USB_Device_Library/Class/CDC/Src/usbd_cdc.o
 .debug_macro   0x000000000001796f       0x65 Middlewares/ST/STM32_USB_Device_Library/Class/CDC/Src/usbd_cdc.o
 .debug_macro   0x00000000000179d4      0x1c3 Middlewares/ST/STM32_USB_Device_Library/Class/CDC/Src/usbd_cdc.o
 .debug_macro   0x0000000000017b97       0x83 Middlewares/ST/STM32_USB_Device_Library/Class/CDC/Src/usbd_cdc.o
 .debug_macro   0x0000000000017c1a       0x1c Middlewares/ST/STM32_USB_Device_Library/Class/CDC/Src/usbd_cdc.o
 .debug_macro   0x0000000000017c36      0x3cf Middlewares/ST/STM32_USB_Device_Library/Core/Src/usbd_core.o
 .debug_macro   0x0000000000018005      0x1c9 Middlewares/ST/STM32_USB_Device_Library/Core/Src/usbd_core.o
 .debug_macro   0x00000000000181ce      0x3d9 Middlewares/ST/STM32_USB_Device_Library/Core/Src/usbd_ctlreq.o
 .debug_macro   0x00000000000185a7      0x3d5 Middlewares/ST/STM32_USB_Device_Library/Core/Src/usbd_ioreq.o
 .debug_macro   0x000000000001897c      0x346 Src/i2c_comm.o
 .debug_macro   0x0000000000018cc2       0x3a Src/i2c_comm.o
 .debug_macro   0x0000000000018cfc       0x76 Src/i2c_comm.o
 .debug_macro   0x0000000000018d72      0x445 Src/main.o
 .debug_macro   0x00000000000191b7       0x7c Src/main.o
 .debug_macro   0x0000000000019233      0x331 Src/stm32f0xx_hal_msp.o
 .debug_macro   0x0000000000019564      0x33b Src/stm32f0xx_it.o
 .debug_macro   0x000000000001989f      0x322 Src/system_stm32f0xx.o
 .debug_macro   0x0000000000019bc1      0x409 Src/usb_device.o
 .debug_macro   0x0000000000019fca       0xee Src/usb_device.o
 .debug_macro   0x000000000001a0b8       0x22 Src/usb_device.o
 .debug_macro   0x000000000001a0da      0x400 Src/usbd_cdc_if.o
 .debug_macro   0x000000000001a4da      0x3ec Src/usbd_conf.o
 .debug_macro   0x000000000001a8c6      0x40c Src/usbd_desc.o

.debug_line     0x0000000000000000    0x13348
 .debug_line    0x0000000000000000      0x9f5 Drivers/STM32F0xx_HAL_Driver/Src/stm32f0xx_hal.o
 .debug_line    0x00000000000009f5      0xa47 Drivers/STM32F0xx_HAL_Driver/Src/stm32f0xx_hal_cortex.o
 .debug_line    0x000000000000143c      0xa10 Drivers/STM32F0xx_HAL_Driver/Src/stm32f0xx_hal_gpio.o
 .debug_line    0x0000000000001e4c     0x1930 Drivers/STM32F0xx_HAL_Driver/Src/stm32f0xx_hal_i2c.o
 .debug_line    0x000000000000377c      0x9c6 Drivers/STM32F0xx_HAL_Driver/Src/stm32f0xx_hal_i2c_ex.o
 .debug_line    0x0000000000004142      0xf55 Drivers/STM32F0xx_HAL_Driver/Src/stm32f0xx_hal_pcd.o
 .debug_line    0x0000000000005097      0x89a Drivers/STM32F0xx_HAL_Driver/Src/stm32f0xx_hal_pcd_ex.o
 .debug_line    0x0000000000005931      0xb08 Drivers/STM32F0xx_HAL_Driver/Src/stm32f0xx_hal_rcc.o
 .debug_line    0x0000000000006439      0xad0 Drivers/STM32F0xx_HAL_Driver/Src/stm32f0xx_hal_rcc_ex.o
 .debug_line    0x0000000000006f09     0x1b54 Drivers/STM32F0xx_HAL_Driver/Src/stm32f0xx_hal_tim.o
 .debug_line    0x0000000000008a5d      0xedd Drivers/STM32F0xx_HAL_Driver/Src/stm32f0xx_hal_tim_ex.o
 .debug_line    0x000000000000993a     0x124e Drivers/STM32F0xx_HAL_Driver/Src/stm32f0xx_hal_uart.o
 .debug_line    0x000000000000ab88      0xb3c Middlewares/ST/STM32_USB_Device_Library/Class/CDC/Src/usbd_cdc.o
 .debug_line    0x000000000000b6c4      0xb57 Middlewares/ST/STM32_USB_Device_Library/Core/Src/usbd_core.o
 .debug_line    0x000000000000c21b      0xba2 Middlewares/ST/STM32_USB_Device_Library/Core/Src/usbd_ctlreq.o
 .debug_line    0x000000000000cdbd      0x9f2 Middlewares/ST/STM32_USB_Device_Library/Core/Src/usbd_ioreq.o
 .debug_line    0x000000000000d7af      0x992 Src/i2c_comm.o
 .debug_line    0x000000000000e141      0xc67 Src/main.o
 .debug_line    0x000000000000eda8      0x925 Src/stm32f0xx_hal_msp.o
 .debug_line    0x000000000000f6cd      0x93c Src/stm32f0xx_it.o
 .debug_line    0x0000000000010009      0x8aa Src/system_stm32f0xx.o
 .debug_line    0x00000000000108b3      0x9c9 Src/usb_device.o
 .debug_line    0x000000000001127c      0xa0f Src/usbd_cdc_if.o
 .debug_line    0x0000000000011c8b      0xc1d Src/usbd_conf.o
 .debug_line    0x00000000000128a8      0xa1b Src/usbd_desc.o
 .debug_line    0x00000000000132c3       0x85 Startup/startup_stm32f072rbtx.o

.debug_str      0x0000000000000000    0x827a6
 .debug_str     0x0000000000000000    0x7befd Drivers/STM32F0xx_HAL_Driver/Src/stm32f0xx_hal.o
                                      0x7c225 (size before relaxing)
 .debug_str     0x000000000007befd      0x220 Drivers/STM32F0xx_HAL_Driver/Src/stm32f0xx_hal_cortex.o
                                      0x7c10f (size before relaxing)
 .debug_str     0x000000000007c11d      0x28e Drivers/STM32F0xx_HAL_Driver/Src/stm32f0xx_hal_gpio.o
                                      0x7bf9f (size before relaxing)
 .debug_str     0x000000000007c3ab     0x118f Drivers/STM32F0xx_HAL_Driver/Src/stm32f0xx_hal_i2c.o
                                      0x7cebf (size before relaxing)
 .debug_str     0x000000000007d53a       0xf3 Drivers/STM32F0xx_HAL_Driver/Src/stm32f0xx_hal_i2c_ex.o
                                      0x7c29b (size before relaxing)
 .debug_str     0x000000000007d62d      0x641 Drivers/STM32F0xx_HAL_Driver/Src/stm32f0xx_hal_pcd.o
                                      0x7c375 (size before relaxing)
 .debug_str     0x000000000007dc6e       0x57 Drivers/STM32F0xx_HAL_Driver/Src/stm32f0xx_hal_pcd_ex.o
                                      0x7bfcb (size before relaxing)
 .debug_str     0x000000000007dcc5      0x345 Drivers/STM32F0xx_HAL_Driver/Src/stm32f0xx_hal_rcc.o
                                      0x7c0e7 (size before relaxing)
 .debug_str     0x000000000007e00a      0x397 Drivers/STM32F0xx_HAL_Driver/Src/stm32f0xx_hal_rcc_ex.o
                                      0x7c0ef (size before relaxing)
 .debug_str     0x000000000007e3a1      0xf15 Drivers/STM32F0xx_HAL_Driver/Src/stm32f0xx_hal_tim.o
                                      0x7cdf8 (size before relaxing)
 .debug_str     0x000000000007f2b6      0x543 Drivers/STM32F0xx_HAL_Driver/Src/stm32f0xx_hal_tim_ex.o
                                      0x7c70d (size before relaxing)
 .debug_str     0x000000000007f7f9      0x8c3 Drivers/STM32F0xx_HAL_Driver/Src/stm32f0xx_hal_uart.o
                                      0x7c830 (size before relaxing)
 .debug_str     0x00000000000800bc     0x168b Middlewares/ST/STM32_USB_Device_Library/Class/CDC/Src/usbd_cdc.o
                                      0x7d3cb (size before relaxing)
 .debug_str     0x0000000000081747      0x1bc Middlewares/ST/STM32_USB_Device_Library/Core/Src/usbd_core.o
                                      0x7cfc2 (size before relaxing)
 .debug_str     0x0000000000081903      0x134 Middlewares/ST/STM32_USB_Device_Library/Core/Src/usbd_ctlreq.o
                                      0x7cf48 (size before relaxing)
 .debug_str     0x0000000000081a37       0xc9 Middlewares/ST/STM32_USB_Device_Library/Core/Src/usbd_ioreq.o
                                      0x7ced0 (size before relaxing)
 .debug_str     0x0000000000081b00      0x38c Src/i2c_comm.o
                                      0x7c810 (size before relaxing)
 .debug_str     0x0000000000081e8c      0x2d6 Src/main.o
                                      0x7e3d5 (size before relaxing)
 .debug_str     0x0000000000082162       0x25 Src/stm32f0xx_hal_msp.o
                                      0x7cc13 (size before relaxing)
 .debug_str     0x0000000000082187       0xd4 Src/stm32f0xx_it.o
                                      0x7c704 (size before relaxing)
 .debug_str     0x000000000008225b       0x3b Src/system_stm32f0xx.o
                                      0x7bcf8 (size before relaxing)
 .debug_str     0x0000000000082296       0x34 Src/usb_device.o
                                      0x7d1c0 (size before relaxing)
 .debug_str     0x00000000000822ca       0xf0 Src/usbd_cdc_if.o
                                      0x7d297 (size before relaxing)
 .debug_str     0x00000000000823ba      0x16e Src/usbd_conf.o
                                      0x7d908 (size before relaxing)
 .debug_str     0x0000000000082528      0x24d Src/usbd_desc.o
                                      0x7ce38 (size before relaxing)
 .debug_str     0x0000000000082775       0x31 Startup/startup_stm32f072rbtx.o
                                         0x75 (size before relaxing)

.comment        0x0000000000000000       0x7b
 .comment       0x0000000000000000       0x7b Drivers/STM32F0xx_HAL_Driver/Src/stm32f0xx_hal.o
                                         0x7c (size before relaxing)
 .comment       0x000000000000007b       0x7c Drivers/STM32F0xx_HAL_Driver/Src/stm32f0xx_hal_cortex.o
 .comment       0x000000000000007b       0x7c Drivers/STM32F0xx_HAL_Driver/Src/stm32f0xx_hal_gpio.o
 .comment       0x000000000000007b       0x7c Drivers/STM32F0xx_HAL_Driver/Src/stm32f0xx_hal_i2c.o
 .comment       0x000000000000007b       0x7c Drivers/STM32F0xx_HAL_Driver/Src/stm32f0xx_hal_i2c_ex.o
 .comment       0x000000000000007b       0x7c Drivers/STM32F0xx_HAL_Driver/Src/stm32f0xx_hal_pcd.o
 .comment       0x000000000000007b       0x7c Drivers/STM32F0xx_HAL_Driver/Src/stm32f0xx_hal_pcd_ex.o
 .comment       0x000000000000007b       0x7c Drivers/STM32F0xx_HAL_Driver/Src/stm32f0xx_hal_rcc.o
 .comment       0x000000000000007b       0x7c Drivers/STM32F0xx_HAL_Driver/Src/stm32f0xx_hal_rcc_ex.o
 .comment       0x000000000000007b       0x7c Drivers/STM32F0xx_HAL_Driver/Src/stm32f0xx_hal_tim.o
 .comment       0x000000000000007b       0x7c Drivers/STM32F0xx_HAL_Driver/Src/stm32f0xx_hal_tim_ex.o
 .comment       0x000000000000007b       0x7c Drivers/STM32F0xx_HAL_Driver/Src/stm32f0xx_hal_uart.o
 .comment       0x000000000000007b       0x7c Middlewares/ST/STM32_USB_Device_Library/Class/CDC/Src/usbd_cdc.o
 .comment       0x000000000000007b       0x7c Middlewares/ST/STM32_USB_Device_Library/Core/Src/usbd_core.o
 .comment       0x000000000000007b       0x7c Middlewares/ST/STM32_USB_Device_Library/Core/Src/usbd_ctlreq.o
 .comment       0x000000000000007b       0x7c Middlewares/ST/STM32_USB_Device_Library/Core/Src/usbd_ioreq.o
 .comment       0x000000000000007b       0x7c Src/i2c_comm.o
 .comment       0x000000000000007b       0x7c Src/main.o
 .comment       0x000000000000007b       0x7c Src/stm32f0xx_hal_msp.o
 .comment       0x000000000000007b       0x7c Src/stm32f0xx_it.o
 .comment       0x000000000000007b       0x7c Src/system_stm32f0xx.o
 .comment       0x000000000000007b       0x7c Src/usb_device.o
 .comment       0x000000000000007b       0x7c Src/usbd_cdc_if.o
 .comment       0x000000000000007b       0x7c Src/usbd_conf.o
 .comment       0x000000000000007b       0x7c Src/usbd_desc.o

.debug_frame    0x0000000000000000     0x4594
 .debug_frame   0x0000000000000000      0x248 Drivers/STM32F0xx_HAL_Driver/Src/stm32f0xx_hal.o
 .debug_frame   0x0000000000000248      0x2a0 Drivers/STM32F0xx_HAL_Driver/Src/stm32f0xx_hal_cortex.o
 .debug_frame   0x00000000000004e8      0x110 Drivers/STM32F0xx_HAL_Driver/Src/stm32f0xx_hal_gpio.o
 .debug_frame   0x00000000000005f8      0x938 Drivers/STM32F0xx_HAL_Driver/Src/stm32f0xx_hal_i2c.o
 .debug_frame   0x0000000000000f30       0xd0 Drivers/STM32F0xx_HAL_Driver/Src/stm32f0xx_hal_i2c_ex.o
 .debug_frame   0x0000000000001000      0x470 Drivers/STM32F0xx_HAL_Driver/Src/stm32f0xx_hal_pcd.o
 .debug_frame   0x0000000000001470       0x30 Drivers/STM32F0xx_HAL_Driver/Src/stm32f0xx_hal_pcd_ex.o
 .debug_frame   0x00000000000014a0      0x194 Drivers/STM32F0xx_HAL_Driver/Src/stm32f0xx_hal_rcc.o
 .debug_frame   0x0000000000001634      0x180 Drivers/STM32F0xx_HAL_Driver/Src/stm32f0xx_hal_rcc_ex.o
 .debug_frame   0x00000000000017b4      0xd94 Drivers/STM32F0xx_HAL_Driver/Src/stm32f0xx_hal_tim.o
 .debug_frame   0x0000000000002548      0x4d0 Drivers/STM32F0xx_HAL_Driver/Src/stm32f0xx_hal_tim_ex.o
 .debug_frame   0x0000000000002a18      0x710 Drivers/STM32F0xx_HAL_Driver/Src/stm32f0xx_hal_uart.o
 .debug_frame   0x0000000000003128      0x1f0 Middlewares/ST/STM32_USB_Device_Library/Class/CDC/Src/usbd_cdc.o
 .debug_frame   0x0000000000003318      0x290 Middlewares/ST/STM32_USB_Device_Library/Core/Src/usbd_core.o
 .debug_frame   0x00000000000035a8      0x1d0 Middlewares/ST/STM32_USB_Device_Library/Core/Src/usbd_ctlreq.o
 .debug_frame   0x0000000000003778       0xf0 Middlewares/ST/STM32_USB_Device_Library/Core/Src/usbd_ioreq.o
 .debug_frame   0x0000000000003868      0x1c0 Src/i2c_comm.o
 .debug_frame   0x0000000000003a28      0x218 Src/main.o
 .debug_frame   0x0000000000003c40       0xf0 Src/stm32f0xx_hal_msp.o
 .debug_frame   0x0000000000003d30      0x144 Src/stm32f0xx_it.o
 .debug_frame   0x0000000000003e74       0x4c Src/system_stm32f0xx.o
 .debug_frame   0x0000000000003ec0       0x2c Src/usb_device.o
 .debug_frame   0x0000000000003eec       0xac Src/usbd_cdc_if.o
 .debug_frame   0x0000000000003f98      0x438 Src/usbd_conf.o
 .debug_frame   0x00000000000043d0      0x130 Src/usbd_desc.o
 .debug_frame   0x0000000000004500       0x2c c:/st/stm32cubeide_1.0.1/stm32cubeide/plugins/com.st.stm32cube.ide.mcu.externaltools.gnu-tools-for-stm32.7-2018-q2-update.win32_1.0.0.201904181610/tools/bin/../lib/gcc/arm-none-eabi/7.3.1/../../../../arm-none-eabi/lib/thumb/v6-m\libc_nano.a(lib_a-init.o)
 .debug_frame   0x000000000000452c       0x28 c:/st/stm32cubeide_1.0.1/stm32cubeide/plugins/com.st.stm32cube.ide.mcu.externaltools.gnu-tools-for-stm32.7-2018-q2-update.win32_1.0.0.201904181610/tools/bin/../lib/gcc/arm-none-eabi/7.3.1/../../../../arm-none-eabi/lib/thumb/v6-m\libc_nano.a(lib_a-memcpy-stub.o)
 .debug_frame   0x0000000000004554       0x20 c:/st/stm32cubeide_1.0.1/stm32cubeide/plugins/com.st.stm32cube.ide.mcu.externaltools.gnu-tools-for-stm32.7-2018-q2-update.win32_1.0.0.201904181610/tools/bin/../lib/gcc/arm-none-eabi/7.3.1/../../../../arm-none-eabi/lib/thumb/v6-m\libc_nano.a(lib_a-memset.o)
 .debug_frame   0x0000000000004574       0x20 c:/st/stm32cubeide_1.0.1/stm32cubeide/plugins/com.st.stm32cube.ide.mcu.externaltools.gnu-tools-for-stm32.7-2018-q2-update.win32_1.0.0.201904181610/tools/bin/../lib/gcc/arm-none-eabi/7.3.1/thumb/v6-m\libgcc.a(_udivsi3.o)