main.c:111:5:main	112	static
main.c:354:6:SystemClock_Config	144	static
main.c:417:13:MX_I2C1_Init	8	static
main.c:463:13:MX_TIM6_Init	16	static
main.c:516:13:MX_TIM7_Init	16	static
main.c:567:13:MX_TIM14_Init	8	static
main.c:611:13:MX_USART2_UART_Init	8	static
main.c:648:13:MX_GPIO_Init	56	static
main.c:763:6:LED_Quick_Flash	16	static
main.c:787:5:I2C_Peripherals_available	8	static
main.c:805:6:flush_data_buffer	16	static
main.c:816:6:enable_interrupt_handlers	8	static
main.c:830:6:HAL_GPIO_EXTI_Callback	16	static
main.c:854:6:HAL_TIM_PeriodElapsedCallback	16	static
main.c:891:6:status_led_control	16	static
main.c:958:6:Reset_Expanders	8	static
main.c:982:6:Error_Handler	8	static
