stm32f0xx_it.c:73:6:NMI_Handler	8	static
stm32f0xx_it.c:86:6:HardFault_Handler	8	static
stm32f0xx_it.c:101:6:SVC_Handler	8	static
stm32f0xx_it.c:114:6:PendSV_Handler	8	static
stm32f0xx_it.c:127:6:SysTick_Handler	8	static
stm32f0xx_it.c:148:6:EXTI2_3_IRQHandler	8	static
stm32f0xx_it.c:162:6:EXTI4_15_IRQHandler	8	static
stm32f0xx_it.c:176:6:TIM6_DAC_IRQHandler	8	static
stm32f0xx_it.c:190:6:TIM7_IRQHandler	8	static
stm32f0xx_it.c:204:6:TIM14_IRQHandler	8	static
stm32f0xx_it.c:218:6:USB_IRQHandler	8	static
